Archive member included to satisfy reference by file (symbol)

c:/st/stm32cubeide_1.7.0/stm32cubeide/plugins/com.st.stm32cube.ide.mcu.externaltools.gnu-tools-for-stm32.9-2020-q2-update.win32_2.0.0.202105311346/tools/bin/../lib/gcc/arm-none-eabi/9.3.1/../../../../arm-none-eabi/lib/thumb/v7-m/nofp\libc_nano.a(lib_a-errno.o)
                              ./Core/Src/syscalls.o (__errno)
c:/st/stm32cubeide_1.7.0/stm32cubeide/plugins/com.st.stm32cube.ide.mcu.externaltools.gnu-tools-for-stm32.9-2020-q2-update.win32_2.0.0.202105311346/tools/bin/../lib/gcc/arm-none-eabi/9.3.1/../../../../arm-none-eabi/lib/thumb/v7-m/nofp\libc_nano.a(lib_a-exit.o)
                              c:/st/stm32cubeide_1.7.0/stm32cubeide/plugins/com.st.stm32cube.ide.mcu.externaltools.gnu-tools-for-stm32.9-2020-q2-update.win32_2.0.0.202105311346/tools/bin/../lib/gcc/arm-none-eabi/9.3.1/../../../../arm-none-eabi/lib/thumb/v7-m/nofp/crt0.o (exit)
c:/st/stm32cubeide_1.7.0/stm32cubeide/plugins/com.st.stm32cube.ide.mcu.externaltools.gnu-tools-for-stm32.9-2020-q2-update.win32_2.0.0.202105311346/tools/bin/../lib/gcc/arm-none-eabi/9.3.1/../../../../arm-none-eabi/lib/thumb/v7-m/nofp\libc_nano.a(lib_a-impure.o)
                              c:/st/stm32cubeide_1.7.0/stm32cubeide/plugins/com.st.stm32cube.ide.mcu.externaltools.gnu-tools-for-stm32.9-2020-q2-update.win32_2.0.0.202105311346/tools/bin/../lib/gcc/arm-none-eabi/9.3.1/../../../../arm-none-eabi/lib/thumb/v7-m/nofp\libc_nano.a(lib_a-exit.o) (_global_impure_ptr)
c:/st/stm32cubeide_1.7.0/stm32cubeide/plugins/com.st.stm32cube.ide.mcu.externaltools.gnu-tools-for-stm32.9-2020-q2-update.win32_2.0.0.202105311346/tools/bin/../lib/gcc/arm-none-eabi/9.3.1/../../../../arm-none-eabi/lib/thumb/v7-m/nofp\libc_nano.a(lib_a-init.o)
                              c:/st/stm32cubeide_1.7.0/stm32cubeide/plugins/com.st.stm32cube.ide.mcu.externaltools.gnu-tools-for-stm32.9-2020-q2-update.win32_2.0.0.202105311346/tools/bin/../lib/gcc/arm-none-eabi/9.3.1/../../../../arm-none-eabi/lib/thumb/v7-m/nofp/crt0.o (__libc_init_array)
c:/st/stm32cubeide_1.7.0/stm32cubeide/plugins/com.st.stm32cube.ide.mcu.externaltools.gnu-tools-for-stm32.9-2020-q2-update.win32_2.0.0.202105311346/tools/bin/../lib/gcc/arm-none-eabi/9.3.1/../../../../arm-none-eabi/lib/thumb/v7-m/nofp\libc_nano.a(lib_a-memset.o)
                              c:/st/stm32cubeide_1.7.0/stm32cubeide/plugins/com.st.stm32cube.ide.mcu.externaltools.gnu-tools-for-stm32.9-2020-q2-update.win32_2.0.0.202105311346/tools/bin/../lib/gcc/arm-none-eabi/9.3.1/../../../../arm-none-eabi/lib/thumb/v7-m/nofp/crt0.o (memset)

Allocating common symbols
Common symbol       size              file

counter_for_key_pressed
                    0x10              ./Core/Src/button.o
key_reg             0x10              ./Core/Src/button.o
timer_counter       0xc               ./Core/Src/timer.o
uwTick              0x4               ./Drivers/STM32F1xx_HAL_Driver/Src/stm32f1xx_hal.o
pFlash              0x20              ./Drivers/STM32F1xx_HAL_Driver/Src/stm32f1xx_hal_flash.o
htim3               0x48              ./Core/Src/LEDs_display.o
button_flag         0x10              ./Core/Src/button.o
timer_flag          0xc               ./Core/Src/timer.o
button_long_flag    0x10              ./Core/Src/button.o
huart2              0x44              ./Core/Src/main.o

Discarded input sections

 .text          0x0000000000000000        0x0 c:/st/stm32cubeide_1.7.0/stm32cubeide/plugins/com.st.stm32cube.ide.mcu.externaltools.gnu-tools-for-stm32.9-2020-q2-update.win32_2.0.0.202105311346/tools/bin/../lib/gcc/arm-none-eabi/9.3.1/thumb/v7-m/nofp/crti.o
 .data          0x0000000000000000        0x0 c:/st/stm32cubeide_1.7.0/stm32cubeide/plugins/com.st.stm32cube.ide.mcu.externaltools.gnu-tools-for-stm32.9-2020-q2-update.win32_2.0.0.202105311346/tools/bin/../lib/gcc/arm-none-eabi/9.3.1/thumb/v7-m/nofp/crti.o
 .bss           0x0000000000000000        0x0 c:/st/stm32cubeide_1.7.0/stm32cubeide/plugins/com.st.stm32cube.ide.mcu.externaltools.gnu-tools-for-stm32.9-2020-q2-update.win32_2.0.0.202105311346/tools/bin/../lib/gcc/arm-none-eabi/9.3.1/thumb/v7-m/nofp/crti.o
 .data          0x0000000000000000        0x4 c:/st/stm32cubeide_1.7.0/stm32cubeide/plugins/com.st.stm32cube.ide.mcu.externaltools.gnu-tools-for-stm32.9-2020-q2-update.win32_2.0.0.202105311346/tools/bin/../lib/gcc/arm-none-eabi/9.3.1/thumb/v7-m/nofp/crtbegin.o
 .text          0x0000000000000000       0x7c c:/st/stm32cubeide_1.7.0/stm32cubeide/plugins/com.st.stm32cube.ide.mcu.externaltools.gnu-tools-for-stm32.9-2020-q2-update.win32_2.0.0.202105311346/tools/bin/../lib/gcc/arm-none-eabi/9.3.1/../../../../arm-none-eabi/lib/thumb/v7-m/nofp/crt0.o
 .data          0x0000000000000000        0x0 c:/st/stm32cubeide_1.7.0/stm32cubeide/plugins/com.st.stm32cube.ide.mcu.externaltools.gnu-tools-for-stm32.9-2020-q2-update.win32_2.0.0.202105311346/tools/bin/../lib/gcc/arm-none-eabi/9.3.1/../../../../arm-none-eabi/lib/thumb/v7-m/nofp/crt0.o
[...]
Memory Configuration

Name             Origin             Length             Attributes
RAM              0x0000000020000000 0x0000000000005000 xrw
FLASH            0x0000000008000000 0x0000000000020000 xr
*default*        0x0000000000000000 0xffffffffffffffff

Linker script and memory map

LOAD c:/st/stm32cubeide_1.7.0/stm32cubeide/plugins/com.st.stm32cube.ide.mcu.externaltools.gnu-tools-for-stm32.9-2020-q2-update.win32_2.0.0.202105311346/tools/bin/../lib/gcc/arm-none-eabi/9.3.1/thumb/v7-m/nofp/crti.o
LOAD c:/st/stm32cubeide_1.7.0/stm32cubeide/plugins/com.st.stm32cube.ide.mcu.externaltools.gnu-tools-for-stm32.9-2020-q2-update.win32_2.0.0.202105311346/tools/bin/../lib/gcc/arm-none-eabi/9.3.1/thumb/v7-m/nofp/crtbegin.o
LOAD c:/st/stm32cubeide_1.7.0/stm32cubeide/plugins/com.st.stm32cube.ide.mcu.externaltools.gnu-tools-for-stm32.9-2020-q2-update.win32_2.0.0.202105311346/tools/bin/../lib/gcc/arm-none-eabi/9.3.1/../../../../arm-none-eabi/lib/thumb/v7-m/nofp/crt0.o
LOAD ./Core/Src/LEDs_display.o
LOAD ./Core/Src/button.o
LOAD ./Core/Src/fsm_auto_mode.o
LOAD ./Core/Src/fsm_manual_mode.o
LOAD ./Core/Src/fsm_pedestrian_mode.o
LOAD ./Core/Src/fsm_tuning_mode.o
LOAD ./Core/Src/global.o
LOAD ./Core/Src/main.o
LOAD ./Core/Src/stm32f1xx_hal_msp.o
LOAD ./Core/Src/stm32f1xx_it.o
LOAD ./Core/Src/syscalls.o
LOAD ./Core/Src/sysmem.o
LOAD ./Core/Src/system_stm32f1xx.o
LOAD ./Core/Src/timer.o
LOAD ./Core/Startup/startup_stm32f103rbtx.o
LOAD ./Drivers/STM32F1xx_HAL_Driver/Src/stm32f1xx_hal.o
LOAD ./Drivers/STM32F1xx_HAL_Driver/Src/stm32f1xx_hal_cortex.o
LOAD ./Drivers/STM32F1xx_HAL_Driver/Src/stm32f1xx_hal_dma.o
LOAD ./Drivers/STM32F1xx_HAL_Driver/Src/stm32f1xx_hal_exti.o
LOAD ./Drivers/STM32F1xx_HAL_Driver/Src/stm32f1xx_hal_flash.o
LOAD ./Drivers/STM32F1xx_HAL_Driver/Src/stm32f1xx_hal_flash_ex.o
LOAD ./Drivers/STM32F1xx_HAL_Driver/Src/stm32f1xx_hal_gpio.o
LOAD ./Drivers/STM32F1xx_HAL_Driver/Src/stm32f1xx_hal_gpio_ex.o
LOAD ./Drivers/STM32F1xx_HAL_Driver/Src/stm32f1xx_hal_pwr.o
LOAD ./Drivers/STM32F1xx_HAL_Driver/Src/stm32f1xx_hal_rcc.o
LOAD ./Drivers/STM32F1xx_HAL_Driver/Src/stm32f1xx_hal_rcc_ex.o
LOAD ./Drivers/STM32F1xx_HAL_Driver/Src/stm32f1xx_hal_tim.o
LOAD ./Drivers/STM32F1xx_HAL_Driver/Src/stm32f1xx_hal_tim_ex.o
LOAD ./Drivers/STM32F1xx_HAL_Driver/Src/stm32f1xx_hal_uart.o
START GROUP
LOAD c:/st/stm32cubeide_1.7.0/stm32cubeide/plugins/com.st.stm32cube.ide.mcu.externaltools.gnu-tools-for-stm32.9-2020-q2-update.win32_2.0.0.202105311346/tools/bin/../lib/gcc/arm-none-eabi/9.3.1/../../../../arm-none-eabi/lib/thumb/v7-m/nofp\libc_nano.a
LOAD c:/st/stm32cubeide_1.7.0/stm32cubeide/plugins/com.st.stm32cube.ide.mcu.externaltools.gnu-tools-for-stm32.9-2020-q2-update.win32_2.0.0.202105311346/tools/bin/../lib/gcc/arm-none-eabi/9.3.1/../../../../arm-none-eabi/lib/thumb/v7-m/nofp\libm.a
END GROUP
START GROUP
LOAD c:/st/stm32cubeide_1.7.0/stm32cubeide/plugins/com.st.stm32cube.ide.mcu.externaltools.gnu-tools-for-stm32.9-2020-q2-update.win32_2.0.0.202105311346/tools/bin/../lib/gcc/arm-none-eabi/9.3.1/thumb/v7-m/nofp\libgcc.a
LOAD c:/st/stm32cubeide_1.7.0/stm32cubeide/plugins/com.st.stm32cube.ide.mcu.externaltools.gnu-tools-for-stm32.9-2020-q2-update.win32_2.0.0.202105311346/tools/bin/../lib/gcc/arm-none-eabi/9.3.1/../../../../arm-none-eabi/lib/thumb/v7-m/nofp\libc_nano.a
END GROUP
START GROUP
LOAD c:/st/stm32cubeide_1.7.0/stm32cubeide/plugins/com.st.stm32cube.ide.mcu.externaltools.gnu-tools-for-stm32.9-2020-q2-update.win32_2.0.0.202105311346/tools/bin/../lib/gcc/arm-none-eabi/9.3.1/thumb/v7-m/nofp\libgcc.a
LOAD c:/st/stm32cubeide_1.7.0/stm32cubeide/plugins/com.st.stm32cube.ide.mcu.externaltools.gnu-tools-for-stm32.9-2020-q2-update.win32_2.0.0.202105311346/tools/bin/../lib/gcc/arm-none-eabi/9.3.1/../../../../arm-none-eabi/lib/thumb/v7-m/nofp\libc_nano.a
LOAD c:/st/stm32cubeide_1.7.0/stm32cubeide/plugins/com.st.stm32cube.ide.mcu.externaltools.gnu-tools-for-stm32.9-2020-q2-update.win32_2.0.0.202105311346/tools/bin/../lib/gcc/arm-none-eabi/9.3.1/../../../../arm-none-eabi/lib/thumb/v7-m/nofp\libnosys.a
END GROUP
START GROUP
LOAD c:/st/stm32cubeide_1.7.0/stm32cubeide/plugins/com.st.stm32cube.ide.mcu.externaltools.gnu-tools-for-stm32.9-2020-q2-update.win32_2.0.0.202105311346/tools/bin/../lib/gcc/arm-none-eabi/9.3.1/thumb/v7-m/nofp\libgcc.a
LOAD c:/st/stm32cubeide_1.7.0/stm32cubeide/plugins/com.st.stm32cube.ide.mcu.externaltools.gnu-tools-for-stm32.9-2020-q2-update.win32_2.0.0.202105311346/tools/bin/../lib/gcc/arm-none-eabi/9.3.1/../../../../arm-none-eabi/lib/thumb/v7-m/nofp\libc_nano.a
LOAD c:/st/stm32cubeide_1.7.0/stm32cubeide/plugins/com.st.stm32cube.ide.mcu.externaltools.gnu-tools-for-stm32.9-2020-q2-update.win32_2.0.0.202105311346/tools/bin/../lib/gcc/arm-none-eabi/9.3.1/../../../../arm-none-eabi/lib/thumb/v7-m/nofp\libnosys.a
END GROUP
LOAD c:/st/stm32cubeide_1.7.0/stm32cubeide/plugins/com.st.stm32cube.ide.mcu.externaltools.gnu-tools-for-stm32.9-2020-q2-update.win32_2.0.0.202105311346/tools/bin/../lib/gcc/arm-none-eabi/9.3.1/thumb/v7-m/nofp/crtend.o
LOAD c:/st/stm32cubeide_1.7.0/stm32cubeide/plugins/com.st.stm32cube.ide.mcu.externaltools.gnu-tools-for-stm32.9-2020-q2-update.win32_2.0.0.202105311346/tools/bin/../lib/gcc/arm-none-eabi/9.3.1/thumb/v7-m/nofp/crtn.o
                0x0000000020005000                _estack = (ORIGIN (RAM) + LENGTH (RAM))
                0x0000000000000200                _Min_Heap_Size = 0x200
                0x0000000000000400                _Min_Stack_Size = 0x400

.isr_vector     0x0000000008000000      0x10c
                0x0000000008000000                . = ALIGN (0x4)
 *(.isr_vector)
 .isr_vector    0x0000000008000000      0x10c ./Core/Startup/startup_stm32f103rbtx.o
                0x0000000008000000                g_pfnVectors
                0x000000000800010c                . = ALIGN (0x4)

.text           0x000000000800010c     0x3458
                0x000000000800010c                . = ALIGN (0x4)
 *(.text)
 .text          0x000000000800010c       0x40 c:/st/stm32cubeide_1.7.0/stm32cubeide/plugins/com.st.stm32cube.ide.mcu.externaltools.gnu-tools-for-stm32.9-2020-q2-update.win32_2.0.0.202105311346/tools/bin/../lib/gcc/arm-none-eabi/9.3.1/thumb/v7-m/nofp/crtbegin.o
 *(.text*)
 .text.fsmHorLEDsRun
                0x000000000800014c       0xc0 ./Core/Src/LEDs_display.o
                0x000000000800014c                fsmHorLEDsRun
 .text.fsmVerLEDsRun
                0x000000000800020c       0xc0 ./Core/Src/LEDs_display.o
                0x000000000800020c                fsmVerLEDsRun
 .text.LEDsDisplay
                0x00000000080002cc       0xdc ./Core/Src/LEDs_display.o
                0x00000000080002cc                LEDsDisplay
 .text.isButtonPressed
                0x00000000080003a8       0x34 ./Core/Src/button.o
                0x00000000080003a8                isButtonPressed
 .text.isButtonLongPressed
                0x00000000080003dc       0x34 ./Core/Src/button.o
                0x00000000080003dc                isButtonLongPressed
 .text.subKeyProcess
                0x0000000008000410       0x20 ./Core/Src/button.o
                0x0000000008000410                subKeyProcess
 .text.subKeyLongProcess
                0x0000000008000430       0x20 ./Core/Src/button.o
                0x0000000008000430                subKeyLongProcess
 .text.resetKey
                0x0000000008000450       0x30 ./Core/Src/button.o
                0x0000000008000450                resetKey
 .text.setKeyTimer
                0x0000000008000480       0x34 ./Core/Src/button.o
                0x0000000008000480                setKeyTimer
 .text.getKeyInput
                0x00000000080004b4      0x1a4 ./Core/Src/button.o
                0x00000000080004b4                getKeyInput
 .text.fsmAutoModeRun
                0x0000000008000658       0x3c ./Core/Src/fsm_auto_mode.o
                0x0000000008000658                fsmAutoModeRun
 .text.fsmManualModeRun
                0x0000000008000694      0x13c ./Core/Src/fsm_manual_mode.o
                0x0000000008000694                fsmManualModeRun
 .text.fsmVerPedRun
                0x00000000080007d0      0x168 ./Core/Src/fsm_pedestrian_mode.o
                0x00000000080007d0                fsmVerPedRun
 .text.fsmHorPedRun
                0x0000000008000938      0x168 ./Core/Src/fsm_pedestrian_mode.o
                0x0000000008000938                fsmHorPedRun
 .text.fsmPedestrianModeRun
                0x0000000008000aa0      0x29c ./Core/Src/fsm_pedestrian_mode.o
                0x0000000008000aa0                fsmPedestrianModeRun
 .text.fsmTuningModeRun
                0x0000000008000d3c      0x198 ./Core/Src/fsm_tuning_mode.o
                0x0000000008000d3c                fsmTuningModeRun
 .text.main     0x0000000008000ed4       0x44 ./Core/Src/main.o
                0x0000000008000ed4                main
 .text.SystemClock_Config
                0x0000000008000f18       0x82 ./Core/Src/main.o
                0x0000000008000f18                SystemClock_Config
 *fill*         0x0000000008000f9a        0x2 
 .text.MX_TIM3_Init
                0x0000000008000f9c      0x104 ./Core/Src/main.o
 .text.MX_USART2_UART_Init
                0x00000000080010a0       0x54 ./Core/Src/main.o
 .text.MX_GPIO_Init
                0x00000000080010f4      0x168 ./Core/Src/main.o
 .text.HAL_TIM_PeriodElapsedCallback
                0x000000000800125c       0x18 ./Core/Src/main.o
                0x000000000800125c                HAL_TIM_PeriodElapsedCallback
 .text.Error_Handler
                0x0000000008001274        0xa ./Core/Src/main.o
                0x0000000008001274                Error_Handler
 *fill*         0x000000000800127e        0x2 
 .text.HAL_MspInit
                0x0000000008001280       0x64 ./Core/Src/stm32f1xx_hal_msp.o
                0x0000000008001280                HAL_MspInit
 .text.HAL_TIM_Base_MspInit
                0x00000000080012e4       0x4c ./Core/Src/stm32f1xx_hal_msp.o
                0x00000000080012e4                HAL_TIM_Base_MspInit
 .text.HAL_TIM_MspPostInit
                0x0000000008001330       0x64 ./Core/Src/stm32f1xx_hal_msp.o
                0x0000000008001330                HAL_TIM_MspPostInit
 .text.HAL_UART_MspInit
                0x0000000008001394       0x7c ./Core/Src/stm32f1xx_hal_msp.o
                0x0000000008001394                HAL_UART_MspInit
 .text.NMI_Handler
                0x0000000008001410        0x6 ./Core/Src/stm32f1xx_it.o
                0x0000000008001410                NMI_Handler
 .text.HardFault_Handler
                0x0000000008001416        0x6 ./Core/Src/stm32f1xx_it.o
                0x0000000008001416                HardFault_Handler
 .text.MemManage_Handler
                0x000000000800141c        0x6 ./Core/Src/stm32f1xx_it.o
                0x000000000800141c                MemManage_Handler
 .text.BusFault_Handler
                0x0000000008001422        0x6 ./Core/Src/stm32f1xx_it.o
                0x0000000008001422                BusFault_Handler
 .text.UsageFault_Handler
                0x0000000008001428        0x6 ./Core/Src/stm32f1xx_it.o
                0x0000000008001428                UsageFault_Handler
 .text.SVC_Handler
                0x000000000800142e        0xc ./Core/Src/stm32f1xx_it.o
                0x000000000800142e                SVC_Handler
 .text.DebugMon_Handler
                0x000000000800143a        0xc ./Core/Src/stm32f1xx_it.o
                0x000000000800143a                DebugMon_Handler
 .text.PendSV_Handler
                0x0000000008001446        0xc ./Core/Src/stm32f1xx_it.o
                0x0000000008001446                PendSV_Handler
 .text.SysTick_Handler
                0x0000000008001452        0xc ./Core/Src/stm32f1xx_it.o
                0x0000000008001452                SysTick_Handler
 *fill*         0x000000000800145e        0x2 
 .text.TIM3_IRQHandler
                0x0000000008001460       0x14 ./Core/Src/stm32f1xx_it.o
                0x0000000008001460                TIM3_IRQHandler
 .text.EXTI15_10_IRQHandler
                0x0000000008001474       0x10 ./Core/Src/stm32f1xx_it.o
                0x0000000008001474                EXTI15_10_IRQHandler
 .text.SystemInit
                0x0000000008001484        0xc ./Core/Src/system_stm32f1xx.o
                0x0000000008001484                SystemInit
 .text.currentCounter
                0x0000000008001490       0x20 ./Core/Src/timer.o
                0x0000000008001490                currentCounter
 .text.isTimerUp
                0x00000000080014b0       0x28 ./Core/Src/timer.o
                0x00000000080014b0                isTimerUp
 .text.setTimer
                0x00000000080014d8       0x3c ./Core/Src/timer.o
                0x00000000080014d8                setTimer
 .text.timerRun
                0x0000000008001514       0x60 ./Core/Src/timer.o
                0x0000000008001514                timerRun
 .text.Reset_Handler
                0x0000000008001574       0x48 ./Core/Startup/startup_stm32f103rbtx.o
                0x0000000008001574                Reset_Handler
 .text.Default_Handler
                0x00000000080015bc        0x2 ./Core/Startup/startup_stm32f103rbtx.o
                0x00000000080015bc                RTC_Alarm_IRQHandler
                0x00000000080015bc                EXTI2_IRQHandler
                0x00000000080015bc                TIM1_CC_IRQHandler
                0x00000000080015bc                PVD_IRQHandler
                0x00000000080015bc                EXTI3_IRQHandler
                0x00000000080015bc                EXTI0_IRQHandler
                0x00000000080015bc                I2C2_EV_IRQHandler
                0x00000000080015bc                ADC1_2_IRQHandler
                0x00000000080015bc                SPI1_IRQHandler
                0x00000000080015bc                TAMPER_IRQHandler
                0x00000000080015bc                DMA1_Channel4_IRQHandler
                0x00000000080015bc                USART3_IRQHandler
                0x00000000080015bc                RTC_IRQHandler
                0x00000000080015bc                DMA1_Channel7_IRQHandler
                0x00000000080015bc                CAN1_RX1_IRQHandler
                0x00000000080015bc                TIM4_IRQHandler
                0x00000000080015bc                I2C1_EV_IRQHandler
                0x00000000080015bc                DMA1_Channel6_IRQHandler
                0x00000000080015bc                RCC_IRQHandler
                0x00000000080015bc                TIM1_TRG_COM_IRQHandler
                0x00000000080015bc                DMA1_Channel1_IRQHandler
                0x00000000080015bc                Default_Handler
                0x00000000080015bc                EXTI9_5_IRQHandler
                0x00000000080015bc                SPI2_IRQHandler
                0x00000000080015bc                DMA1_Channel5_IRQHandler
                0x00000000080015bc                EXTI4_IRQHandler
                0x00000000080015bc                USB_LP_CAN1_RX0_IRQHandler
                0x00000000080015bc                USB_HP_CAN1_TX_IRQHandler
                0x00000000080015bc                DMA1_Channel3_IRQHandler
                0x00000000080015bc                TIM1_UP_IRQHandler
                0x00000000080015bc                WWDG_IRQHandler
                0x00000000080015bc                TIM2_IRQHandler
                0x00000000080015bc                TIM1_BRK_IRQHandler
                0x00000000080015bc                EXTI1_IRQHandler
                0x00000000080015bc                USART2_IRQHandler
                0x00000000080015bc                I2C2_ER_IRQHandler
                0x00000000080015bc                DMA1_Channel2_IRQHandler
                0x00000000080015bc                CAN1_SCE_IRQHandler
                0x00000000080015bc                FLASH_IRQHandler
                0x00000000080015bc                USART1_IRQHandler
                0x00000000080015bc                I2C1_ER_IRQHandler
                0x00000000080015bc                USBWakeUp_IRQHandler
 *fill*         0x00000000080015be        0x2 
 .text.HAL_Init
                0x00000000080015c0       0x2c ./Drivers/STM32F1xx_HAL_Driver/Src/stm32f1xx_hal.o
                0x00000000080015c0                HAL_Init
 .text.HAL_InitTick
                0x00000000080015ec       0x60 ./Drivers/STM32F1xx_HAL_Driver/Src/stm32f1xx_hal.o
                0x00000000080015ec                HAL_InitTick
 .text.HAL_IncTick
                0x000000000800164c       0x24 ./Drivers/STM32F1xx_HAL_Driver/Src/stm32f1xx_hal.o
                0x000000000800164c                HAL_IncTick
 .text.HAL_GetTick
                0x0000000008001670       0x14 ./Drivers/STM32F1xx_HAL_Driver/Src/stm32f1xx_hal.o
                0x0000000008001670                HAL_GetTick
 .text.__NVIC_SetPriorityGrouping
                0x0000000008001684       0x48 ./Drivers/STM32F1xx_HAL_Driver/Src/stm32f1xx_hal_cortex.o
 .text.__NVIC_GetPriorityGrouping
                0x00000000080016cc       0x1c ./Drivers/STM32F1xx_HAL_Driver/Src/stm32f1xx_hal_cortex.o
 .text.__NVIC_EnableIRQ
                0x00000000080016e8       0x38 ./Drivers/STM32F1xx_HAL_Driver/Src/stm32f1xx_hal_cortex.o
 .text.__NVIC_SetPriority
                0x0000000008001720       0x54 ./Drivers/STM32F1xx_HAL_Driver/Src/stm32f1xx_hal_cortex.o
 .text.NVIC_EncodePriority
                0x0000000008001774       0x64 ./Drivers/STM32F1xx_HAL_Driver/Src/stm32f1xx_hal_cortex.o
 .text.SysTick_Config
                0x00000000080017d8       0x44 ./Drivers/STM32F1xx_HAL_Driver/Src/stm32f1xx_hal_cortex.o
 .text.HAL_NVIC_SetPriorityGrouping
                0x000000000800181c       0x16 ./Drivers/STM32F1xx_HAL_Driver/Src/stm32f1xx_hal_cortex.o
                0x000000000800181c                HAL_NVIC_SetPriorityGrouping
 .text.HAL_NVIC_SetPriority
                0x0000000008001832       0x38 ./Drivers/STM32F1xx_HAL_Driver/Src/stm32f1xx_hal_cortex.o
                0x0000000008001832                HAL_NVIC_SetPriority
 .text.HAL_NVIC_EnableIRQ
                0x000000000800186a       0x1c ./Drivers/STM32F1xx_HAL_Driver/Src/stm32f1xx_hal_cortex.o
                0x000000000800186a                HAL_NVIC_EnableIRQ
 .text.HAL_SYSTICK_Config
                0x0000000008001886       0x18 ./Drivers/STM32F1xx_HAL_Driver/Src/stm32f1xx_hal_cortex.o
                0x0000000008001886                HAL_SYSTICK_Config
 *fill*         0x000000000800189e        0x2 
 .text.HAL_GPIO_Init
                0x00000000080018a0      0x308 ./Drivers/STM32F1xx_HAL_Driver/Src/stm32f1xx_hal_gpio.o
                0x00000000080018a0                HAL_GPIO_Init
 .text.HAL_GPIO_ReadPin
                0x0000000008001ba8       0x2e ./Drivers/STM32F1xx_HAL_Driver/Src/stm32f1xx_hal_gpio.o
                0x0000000008001ba8                HAL_GPIO_ReadPin
 .text.HAL_GPIO_WritePin
                0x0000000008001bd6       0x30 ./Drivers/STM32F1xx_HAL_Driver/Src/stm32f1xx_hal_gpio.o
                0x0000000008001bd6                HAL_GPIO_WritePin
 *fill*         0x0000000008001c06        0x2 
 .text.HAL_GPIO_EXTI_IRQHandler
                0x0000000008001c08       0x30 ./Drivers/STM32F1xx_HAL_Driver/Src/stm32f1xx_hal_gpio.o
                0x0000000008001c08                HAL_GPIO_EXTI_IRQHandler
 .text.HAL_GPIO_EXTI_Callback
                0x0000000008001c38       0x14 ./Drivers/STM32F1xx_HAL_Driver/Src/stm32f1xx_hal_gpio.o
                0x0000000008001c38                HAL_GPIO_EXTI_Callback
 .text.HAL_RCC_OscConfig
                0x0000000008001c4c      0x500 ./Drivers/STM32F1xx_HAL_Driver/Src/stm32f1xx_hal_rcc.o
                0x0000000008001c4c                HAL_RCC_OscConfig
 .text.HAL_RCC_ClockConfig
                0x000000000800214c      0x1d4 ./Drivers/STM32F1xx_HAL_Driver/Src/stm32f1xx_hal_rcc.o
                0x000000000800214c                HAL_RCC_ClockConfig
 .text.HAL_RCC_GetSysClockFreq
                0x0000000008002320       0xc0 ./Drivers/STM32F1xx_HAL_Driver/Src/stm32f1xx_hal_rcc.o
                0x0000000008002320                HAL_RCC_GetSysClockFreq
 .text.HAL_RCC_GetHCLKFreq
                0x00000000080023e0       0x14 ./Drivers/STM32F1xx_HAL_Driver/Src/stm32f1xx_hal_rcc.o
                0x00000000080023e0                HAL_RCC_GetHCLKFreq
 .text.HAL_RCC_GetPCLK1Freq
                0x00000000080023f4       0x28 ./Drivers/STM32F1xx_HAL_Driver/Src/stm32f1xx_hal_rcc.o
                0x00000000080023f4                HAL_RCC_GetPCLK1Freq
 .text.HAL_RCC_GetPCLK2Freq
                0x000000000800241c       0x28 ./Drivers/STM32F1xx_HAL_Driver/Src/stm32f1xx_hal_rcc.o
                0x000000000800241c                HAL_RCC_GetPCLK2Freq
 .text.RCC_Delay
                0x0000000008002444       0x3c ./Drivers/STM32F1xx_HAL_Driver/Src/stm32f1xx_hal_rcc.o
 .text.HAL_TIM_Base_Init
                0x0000000008002480       0x9e ./Drivers/STM32F1xx_HAL_Driver/Src/stm32f1xx_hal_tim.o
                0x0000000008002480                HAL_TIM_Base_Init
 *fill*         0x000000000800251e        0x2 
 .text.HAL_TIM_Base_Start_IT
                0x0000000008002520       0xa4 ./Drivers/STM32F1xx_HAL_Driver/Src/stm32f1xx_hal_tim.o
                0x0000000008002520                HAL_TIM_Base_Start_IT
 .text.HAL_TIM_PWM_Init
                0x00000000080025c4       0x9e ./Drivers/STM32F1xx_HAL_Driver/Src/stm32f1xx_hal_tim.o
                0x00000000080025c4                HAL_TIM_PWM_Init
 .text.HAL_TIM_PWM_MspInit
                0x0000000008002662       0x12 ./Drivers/STM32F1xx_HAL_Driver/Src/stm32f1xx_hal_tim.o
                0x0000000008002662                HAL_TIM_PWM_MspInit
 .text.HAL_TIM_PWM_Start
                0x0000000008002674      0x144 ./Drivers/STM32F1xx_HAL_Driver/Src/stm32f1xx_hal_tim.o
                0x0000000008002674                HAL_TIM_PWM_Start
 .text.HAL_TIM_IRQHandler
                0x00000000080027b8      0x210 ./Drivers/STM32F1xx_HAL_Driver/Src/stm32f1xx_hal_tim.o
                0x00000000080027b8                HAL_TIM_IRQHandler
 .text.HAL_TIM_PWM_ConfigChannel
                0x00000000080029c8      0x17c ./Drivers/STM32F1xx_HAL_Driver/Src/stm32f1xx_hal_tim.o
                0x00000000080029c8                HAL_TIM_PWM_ConfigChannel
 .text.HAL_TIM_ConfigClockSource
                0x0000000008002b44      0x188 ./Drivers/STM32F1xx_HAL_Driver/Src/stm32f1xx_hal_tim.o
                0x0000000008002b44                HAL_TIM_ConfigClockSource
 .text.HAL_TIM_OC_DelayElapsedCallback
                0x0000000008002ccc       0x12 ./Drivers/STM32F1xx_HAL_Driver/Src/stm32f1xx_hal_tim.o
                0x0000000008002ccc                HAL_TIM_OC_DelayElapsedCallback
 .text.HAL_TIM_IC_CaptureCallback
                0x0000000008002cde       0x12 ./Drivers/STM32F1xx_HAL_Driver/Src/stm32f1xx_hal_tim.o
                0x0000000008002cde                HAL_TIM_IC_CaptureCallback
 .text.HAL_TIM_PWM_PulseFinishedCallback
                0x0000000008002cf0       0x12 ./Drivers/STM32F1xx_HAL_Driver/Src/stm32f1xx_hal_tim.o
                0x0000000008002cf0                HAL_TIM_PWM_PulseFinishedCallback
 .text.HAL_TIM_TriggerCallback
                0x0000000008002d02       0x12 ./Drivers/STM32F1xx_HAL_Driver/Src/stm32f1xx_hal_tim.o
                0x0000000008002d02                HAL_TIM_TriggerCallback
 .text.TIM_Base_SetConfig
                0x0000000008002d14       0xc4 ./Drivers/STM32F1xx_HAL_Driver/Src/stm32f1xx_hal_tim.o
                0x0000000008002d14                TIM_Base_SetConfig
 .text.TIM_OC1_SetConfig
                0x0000000008002dd8       0xcc ./Drivers/STM32F1xx_HAL_Driver/Src/stm32f1xx_hal_tim.o
 .text.TIM_OC2_SetConfig
                0x0000000008002ea4       0xd4 ./Drivers/STM32F1xx_HAL_Driver/Src/stm32f1xx_hal_tim.o
                0x0000000008002ea4                TIM_OC2_SetConfig
 .text.TIM_OC3_SetConfig
                0x0000000008002f78       0xd4 ./Drivers/STM32F1xx_HAL_Driver/Src/stm32f1xx_hal_tim.o
 .text.TIM_OC4_SetConfig
                0x000000000800304c       0x9c ./Drivers/STM32F1xx_HAL_Driver/Src/stm32f1xx_hal_tim.o
 .text.TIM_TI1_ConfigInputStage
                0x00000000080030e8       0x5c ./Drivers/STM32F1xx_HAL_Driver/Src/stm32f1xx_hal_tim.o
 .text.TIM_TI2_ConfigInputStage
                0x0000000008003144       0x5e ./Drivers/STM32F1xx_HAL_Driver/Src/stm32f1xx_hal_tim.o
 .text.TIM_ITRx_SetConfig
                0x00000000080031a2       0x34 ./Drivers/STM32F1xx_HAL_Driver/Src/stm32f1xx_hal_tim.o
 .text.TIM_ETR_SetConfig
                0x00000000080031d6       0x3e ./Drivers/STM32F1xx_HAL_Driver/Src/stm32f1xx_hal_tim.o
                0x00000000080031d6                TIM_ETR_SetConfig
 .text.TIM_CCxChannelCmd
                0x0000000008003214       0x48 ./Drivers/STM32F1xx_HAL_Driver/Src/stm32f1xx_hal_tim.o
                0x0000000008003214                TIM_CCxChannelCmd
 .text.HAL_TIMEx_MasterConfigSynchronization
                0x000000000800325c       0xbc ./Drivers/STM32F1xx_HAL_Driver/Src/stm32f1xx_hal_tim_ex.o
                0x000000000800325c                HAL_TIMEx_MasterConfigSynchronization
 .text.HAL_TIMEx_CommutCallback
                0x0000000008003318       0x12 ./Drivers/STM32F1xx_HAL_Driver/Src/stm32f1xx_hal_tim_ex.o
                0x0000000008003318                HAL_TIMEx_CommutCallback
 .text.HAL_TIMEx_BreakCallback
                0x000000000800332a       0x12 ./Drivers/STM32F1xx_HAL_Driver/Src/stm32f1xx_hal_tim_ex.o
                0x000000000800332a                HAL_TIMEx_BreakCallback
 .text.HAL_UART_Init
                0x000000000800333c       0x9a ./Drivers/STM32F1xx_HAL_Driver/Src/stm32f1xx_hal_uart.o
                0x000000000800333c                HAL_UART_Init
 *fill*         0x00000000080033d6        0x2 
 .text.UART_SetConfig
                0x00000000080033d8      0x11c ./Drivers/STM32F1xx_HAL_Driver/Src/stm32f1xx_hal_uart.o
 .text.__libc_init_array
                0x00000000080034f4       0x48 c:/st/stm32cubeide_1.7.0/stm32cubeide/plugins/com.st.stm32cube.ide.mcu.externaltools.gnu-tools-for-stm32.9-2020-q2-update.win32_2.0.0.202105311346/tools/bin/../lib/gcc/arm-none-eabi/9.3.1/../../../../arm-none-eabi/lib/thumb/v7-m/nofp\libc_nano.a(lib_a-init.o)
                0x00000000080034f4                __libc_init_array
 .text.memset   0x000000000800353c       0x10 c:/st/stm32cubeide_1.7.0/stm32cubeide/plugins/com.st.stm32cube.ide.mcu.externaltools.gnu-tools-for-stm32.9-2020-q2-update.win32_2.0.0.202105311346/tools/bin/../lib/gcc/arm-none-eabi/9.3.1/../../../../arm-none-eabi/lib/thumb/v7-m/nofp\libc_nano.a(lib_a-memset.o)
                0x000000000800353c                memset
 *(.glue_7)
 .glue_7        0x000000000800354c        0x0 linker stubs
 *(.glue_7t)
 .glue_7t       0x000000000800354c        0x0 linker stubs
 *(.eh_frame)
 .eh_frame      0x000000000800354c        0x0 c:/st/stm32cubeide_1.7.0/stm32cubeide/plugins/com.st.stm32cube.ide.mcu.externaltools.gnu-tools-for-stm32.9-2020-q2-update.win32_2.0.0.202105311346/tools/bin/../lib/gcc/arm-none-eabi/9.3.1/thumb/v7-m/nofp/crtbegin.o
 *(.init)
 .init          0x000000000800354c        0x4 c:/st/stm32cubeide_1.7.0/stm32cubeide/plugins/com.st.stm32cube.ide.mcu.externaltools.gnu-tools-for-stm32.9-2020-q2-update.win32_2.0.0.202105311346/tools/bin/../lib/gcc/arm-none-eabi/9.3.1/thumb/v7-m/nofp/crti.o
                0x000000000800354c                _init
 .init          0x0000000008003550        0x8 c:/st/stm32cubeide_1.7.0/stm32cubeide/plugins/com.st.stm32cube.ide.mcu.externaltools.gnu-tools-for-stm32.9-2020-q2-update.win32_2.0.0.202105311346/tools/bin/../lib/gcc/arm-none-eabi/9.3.1/thumb/v7-m/nofp/crtn.o
 *(.fini)
 .fini          0x0000000008003558        0x4 c:/st/stm32cubeide_1.7.0/stm32cubeide/plugins/com.st.stm32cube.ide.mcu.externaltools.gnu-tools-for-stm32.9-2020-q2-update.win32_2.0.0.202105311346/tools/bin/../lib/gcc/arm-none-eabi/9.3.1/thumb/v7-m/nofp/crti.o
                0x0000000008003558                _fini
 .fini          0x000000000800355c        0x8 c:/st/stm32cubeide_1.7.0/stm32cubeide/plugins/com.st.stm32cube.ide.mcu.externaltools.gnu-tools-for-stm32.9-2020-q2-update.win32_2.0.0.202105311346/tools/bin/../lib/gcc/arm-none-eabi/9.3.1/thumb/v7-m/nofp/crtn.o
                0x0000000008003564                . = ALIGN (0x4)
                0x0000000008003564                _etext = .

.vfp11_veneer   0x0000000008003564        0x0
 .vfp11_veneer  0x0000000008003564        0x0 linker stubs

.v4_bx          0x0000000008003564        0x0
 .v4_bx         0x0000000008003564        0x0 linker stubs

.iplt           0x0000000008003564        0x0
 .iplt          0x0000000008003564        0x0 c:/st/stm32cubeide_1.7.0/stm32cubeide/plugins/com.st.stm32cube.ide.mcu.externaltools.gnu-tools-for-stm32.9-2020-q2-update.win32_2.0.0.202105311346/tools/bin/../lib/gcc/arm-none-eabi/9.3.1/thumb/v7-m/nofp/crtbegin.o

.rodata         0x0000000008003564       0x28
                0x0000000008003564                . = ALIGN (0x4)
 *(.rodata)
 .rodata        0x0000000008003564       0x10 ./Drivers/STM32F1xx_HAL_Driver/Src/stm32f1xx_hal_rcc.o
 *(.rodata*)
 .rodata.AHBPrescTable
                0x0000000008003574       0x10 ./Core/Src/system_stm32f1xx.o
                0x0000000008003574                AHBPrescTable
 .rodata.APBPrescTable
                0x0000000008003584        0x8 ./Core/Src/system_stm32f1xx.o
                0x0000000008003584                APBPrescTable
                0x000000000800358c                . = ALIGN (0x4)

.rel.dyn        0x000000000800358c        0x0
 .rel.iplt      0x000000000800358c        0x0 c:/st/stm32cubeide_1.7.0/stm32cubeide/plugins/com.st.stm32cube.ide.mcu.externaltools.gnu-tools-for-stm32.9-2020-q2-update.win32_2.0.0.202105311346/tools/bin/../lib/gcc/arm-none-eabi/9.3.1/thumb/v7-m/nofp/crtbegin.o

.ARM.extab      0x000000000800358c        0x0
                0x000000000800358c                . = ALIGN (0x4)
 *(.ARM.extab* .gnu.linkonce.armextab.*)
                0x000000000800358c                . = ALIGN (0x4)

.ARM            0x000000000800358c        0x0
                0x000000000800358c                . = ALIGN (0x4)
                0x000000000800358c                __exidx_start = .
 *(.ARM.exidx*)
                0x000000000800358c                __exidx_end = .
                0x000000000800358c                . = ALIGN (0x4)

.preinit_array  0x000000000800358c        0x0
                0x000000000800358c                . = ALIGN (0x4)
                0x000000000800358c                PROVIDE (__preinit_array_start = .)
 *(.preinit_array*)
                0x000000000800358c                PROVIDE (__preinit_array_end = .)
                0x000000000800358c                . = ALIGN (0x4)

.init_array     0x000000000800358c        0x4
                0x000000000800358c                . = ALIGN (0x4)
                0x000000000800358c                PROVIDE (__init_array_start = .)
 *(SORT_BY_NAME(.init_array.*))
 *(.init_array*)
 .init_array    0x000000000800358c        0x4 c:/st/stm32cubeide_1.7.0/stm32cubeide/plugins/com.st.stm32cube.ide.mcu.externaltools.gnu-tools-for-stm32.9-2020-q2-update.win32_2.0.0.202105311346/tools/bin/../lib/gcc/arm-none-eabi/9.3.1/thumb/v7-m/nofp/crtbegin.o
                0x0000000008003590                PROVIDE (__init_array_end = .)
                0x0000000008003590                . = ALIGN (0x4)

.fini_array     0x0000000008003590        0x4
                0x0000000008003590                . = ALIGN (0x4)
                [!provide]                        PROVIDE (__fini_array_start = .)
 *(SORT_BY_NAME(.fini_array.*))
 *(.fini_array*)
 .fini_array    0x0000000008003590        0x4 c:/st/stm32cubeide_1.7.0/stm32cubeide/plugins/com.st.stm32cube.ide.mcu.externaltools.gnu-tools-for-stm32.9-2020-q2-update.win32_2.0.0.202105311346/tools/bin/../lib/gcc/arm-none-eabi/9.3.1/thumb/v7-m/nofp/crtbegin.o
                [!provide]                        PROVIDE (__fini_array_end = .)
                0x0000000008003594                . = ALIGN (0x4)
                0x0000000008003594                _sidata = LOADADDR (.data)

.data           0x0000000020000000       0x30 load address 0x0000000008003594
                0x0000000020000000                . = ALIGN (0x4)
                0x0000000020000000                _sdata = .
 *(.data)
 *(.data*)
 .data.ver_ped  0x0000000020000000        0x4 ./Core/Src/fsm_pedestrian_mode.o
                0x0000000020000000                ver_ped
 .data.hor_ped  0x0000000020000004        0x4 ./Core/Src/fsm_pedestrian_mode.o
                0x0000000020000004                hor_ped
 .data.buzzer_time
                0x0000000020000008        0x4 ./Core/Src/fsm_pedestrian_mode.o
                0x0000000020000008                buzzer_time
 .data.pul      0x000000002000000c        0x4 ./Core/Src/fsm_pedestrian_mode.o
                0x000000002000000c                pul
 .data.timer_cycle
                0x0000000020000010        0x4 ./Core/Src/global.o
                0x0000000020000010                timer_cycle
 .data.timer_for_key_pressed
                0x0000000020000014        0x4 ./Core/Src/global.o
                0x0000000020000014                timer_for_key_pressed
 .data.RED_time
                0x0000000020000018        0x4 ./Core/Src/global.o
                0x0000000020000018                RED_time
 .data.GREEN_time
                0x000000002000001c        0x4 ./Core/Src/global.o
                0x000000002000001c                GREEN_time
 .data.YELLOW_time
                0x0000000020000020        0x4 ./Core/Src/global.o
                0x0000000020000020                YELLOW_time
 .data.SystemCoreClock
                0x0000000020000024        0x4 ./Core/Src/system_stm32f1xx.o
                0x0000000020000024                SystemCoreClock
 .data.uwTickPrio
                0x0000000020000028        0x4 ./Drivers/STM32F1xx_HAL_Driver/Src/stm32f1xx_hal.o
                0x0000000020000028                uwTickPrio
 .data.uwTickFreq
                0x000000002000002c        0x1 ./Drivers/STM32F1xx_HAL_Driver/Src/stm32f1xx_hal.o
                0x000000002000002c                uwTickFreq
 *(.RamFunc)
 *(.RamFunc*)
                0x0000000020000030                . = ALIGN (0x4)
 *fill*         0x000000002000002d        0x3 
                0x0000000020000030                _edata = .

.igot.plt       0x0000000020000030        0x0 load address 0x00000000080035c4
 .igot.plt      0x0000000020000030        0x0 c:/st/stm32cubeide_1.7.0/stm32cubeide/plugins/com.st.stm32cube.ide.mcu.externaltools.gnu-tools-for-stm32.9-2020-q2-update.win32_2.0.0.202105311346/tools/bin/../lib/gcc/arm-none-eabi/9.3.1/thumb/v7-m/nofp/crtbegin.o
                0x0000000020000030                . = ALIGN (0x4)

.bss            0x0000000020000030      0x118 load address 0x00000000080035c4
                0x0000000020000030                _sbss = .
                0x0000000020000030                __bss_start__ = _sbss
 *(.bss)
 .bss           0x0000000020000030       0x1c c:/st/stm32cubeide_1.7.0/stm32cubeide/plugins/com.st.stm32cube.ide.mcu.externaltools.gnu-tools-for-stm32.9-2020-q2-update.win32_2.0.0.202105311346/tools/bin/../lib/gcc/arm-none-eabi/9.3.1/thumb/v7-m/nofp/crtbegin.o
 *(.bss*)
 .bss.horizontal_status
                0x000000002000004c        0x4 ./Core/Src/LEDs_display.o
                0x000000002000004c                horizontal_status
 .bss.vertical_status
                0x0000000020000050        0x4 ./Core/Src/LEDs_display.o
                0x0000000020000050                vertical_status
 .bss.state     0x0000000020000054        0x4 ./Core/Src/fsm_pedestrian_mode.o
                0x0000000020000054                state
 .bss.time_count
                0x0000000020000058        0x4 ./Core/Src/fsm_tuning_mode.o
                0x0000000020000058                time_count
 .bss.mode      0x000000002000005c        0x4 ./Core/Src/global.o
                0x000000002000005c                mode
 *(COMMON)
 COMMON         0x0000000020000060       0x48 ./Core/Src/LEDs_display.o
                0x0000000020000060                htim3
 COMMON         0x00000000200000a8       0x40 ./Core/Src/button.o
                0x00000000200000a8                counter_for_key_pressed
                0x00000000200000b8                key_reg
                0x00000000200000c8                button_flag
                0x00000000200000d8                button_long_flag
 COMMON         0x00000000200000e8       0x44 ./Core/Src/main.o
                0x00000000200000e8                huart2
 COMMON         0x000000002000012c       0x18 ./Core/Src/timer.o
                0x000000002000012c                timer_counter
                0x0000000020000138                timer_flag
 COMMON         0x0000000020000144        0x4 ./Drivers/STM32F1xx_HAL_Driver/Src/stm32f1xx_hal.o
                0x0000000020000144                uwTick
                0x0000000020000148                . = ALIGN (0x4)
                0x0000000020000148                _ebss = .
                0x0000000020000148                __bss_end__ = _ebss

._user_heap_stack
                0x0000000020000148      0x600 load address 0x00000000080035c4
                0x0000000020000148                . = ALIGN (0x8)
                [!provide]                        PROVIDE (end = .)
                0x0000000020000148                PROVIDE (_end = .)
                0x0000000020000348                . = (. + _Min_Heap_Size)
 *fill*         0x0000000020000148      0x200 
                0x0000000020000748                . = (. + _Min_Stack_Size)
 *fill*         0x0000000020000348      0x400 
                0x0000000020000748                . = ALIGN (0x8)

/DISCARD/
 libc.a(*)
 libm.a(*)
 libgcc.a(*)

.ARM.attributes
                0x0000000000000000       0x29
 *(.ARM.attributes)
 .ARM.attributes
                0x0000000000000000       0x1d c:/st/stm32cubeide_1.7.0/stm32cubeide/plugins/com.st.stm32cube.ide.mcu.externaltools.gnu-tools-for-stm32.9-2020-q2-update.win32_2.0.0.202105311346/tools/bin/../lib/gcc/arm-none-eabi/9.3.1/thumb/v7-m/nofp/crti.o
 .ARM.attributes
                0x000000000000001d       0x2d c:/st/stm32cubeide_1.7.0/stm32cubeide/plugins/com.st.stm32cube.ide.mcu.externaltools.gnu-tools-for-stm32.9-2020-q2-update.win32_2.0.0.202105311346/tools/bin/../lib/gcc/arm-none-eabi/9.3.1/thumb/v7-m/nofp/crtbegin.o
 .ARM.attributes
                0x000000000000004a       0x2d ./Core/Src/LEDs_display.o
 .ARM.attributes
                0x0000000000000077       0x2d ./Core/Src/button.o
 .ARM.attributes
                0x00000000000000a4       0x2d ./Core/Src/fsm_auto_mode.o
 .ARM.attributes
                0x00000000000000d1       0x2d ./Core/Src/fsm_manual_mode.o
 .ARM.attributes
                0x00000000000000fe       0x2d ./Core/Src/fsm_pedestrian_mode.o
 .ARM.attributes
                0x000000000000012b       0x2d ./Core/Src/fsm_tuning_mode.o
 .ARM.attributes
                0x0000000000000158       0x33 ./Core/Src/global.o
 .ARM.attributes
                0x000000000000018b       0x2d ./Core/Src/main.o
 .ARM.attributes
                0x00000000000001b8       0x2d ./Core/Src/stm32f1xx_hal_msp.o
 .ARM.attributes
                0x00000000000001e5       0x2d ./Core/Src/stm32f1xx_it.o
 .ARM.attributes
                0x0000000000000212       0x2d ./Core/Src/system_stm32f1xx.o
 .ARM.attributes
                0x000000000000023f       0x2d ./Core/Src/timer.o
 .ARM.attributes
                0x000000000000026c       0x21 ./Core/Startup/startup_stm32f103rbtx.o
 .ARM.attributes
                0x000000000000028d       0x2d ./Drivers/STM32F1xx_HAL_Driver/Src/stm32f1xx_hal.o
 .ARM.attributes
                0x00000000000002ba       0x2d ./Drivers/STM32F1xx_HAL_Driver/Src/stm32f1xx_hal_cortex.o
 .ARM.attributes
                0x00000000000002e7       0x2d ./Drivers/STM32F1xx_HAL_Driver/Src/stm32f1xx_hal_gpio.o
 .ARM.attributes
                0x0000000000000314       0x2d ./Drivers/STM32F1xx_HAL_Driver/Src/stm32f1xx_hal_rcc.o
 .ARM.attributes
                0x0000000000000341       0x2d ./Drivers/STM32F1xx_HAL_Driver/Src/stm32f1xx_hal_tim.o
 .ARM.attributes
                0x000000000000036e       0x2d ./Drivers/STM32F1xx_HAL_Driver/Src/stm32f1xx_hal_tim_ex.o
 .ARM.attributes
                0x000000000000039b       0x2d ./Drivers/STM32F1xx_HAL_Driver/Src/stm32f1xx_hal_uart.o
 .ARM.attributes
                0x00000000000003c8       0x2d c:/st/stm32cubeide_1.7.0/stm32cubeide/plugins/com.st.stm32cube.ide.mcu.externaltools.gnu-tools-for-stm32.9-2020-q2-update.win32_2.0.0.202105311346/tools/bin/../lib/gcc/arm-none-eabi/9.3.1/../../../../arm-none-eabi/lib/thumb/v7-m/nofp\libc_nano.a(lib_a-init.o)
 .ARM.attributes
                0x00000000000003f5       0x2d c:/st/stm32cubeide_1.7.0/stm32cubeide/plugins/com.st.stm32cube.ide.mcu.externaltools.gnu-tools-for-stm32.9-2020-q2-update.win32_2.0.0.202105311346/tools/bin/../lib/gcc/arm-none-eabi/9.3.1/../../../../arm-none-eabi/lib/thumb/v7-m/nofp\libc_nano.a(lib_a-memset.o)
 .ARM.attributes
                0x0000000000000422       0x1d c:/st/stm32cubeide_1.7.0/stm32cubeide/plugins/com.st.stm32cube.ide.mcu.externaltools.gnu-tools-for-stm32.9-2020-q2-update.win32_2.0.0.202105311346/tools/bin/../lib/gcc/arm-none-eabi/9.3.1/thumb/v7-m/nofp/crtn.o
OUTPUT(STM32_BTL.elf elf32-littlearm)
LOAD linker stubs
LOAD c:/st/stm32cubeide_1.7.0/stm32cubeide/plugins/com.st.stm32cube.ide.mcu.externaltools.gnu-tools-for-stm32.9-2020-q2-update.win32_2.0.0.202105311346/tools/bin/../lib/gcc/arm-none-eabi/9.3.1/../../../../arm-none-eabi/lib/thumb/v7-m/nofp\libc.a
LOAD c:/st/stm32cubeide_1.7.0/stm32cubeide/plugins/com.st.stm32cube.ide.mcu.externaltools.gnu-tools-for-stm32.9-2020-q2-update.win32_2.0.0.202105311346/tools/bin/../lib/gcc/arm-none-eabi/9.3.1/../../../../arm-none-eabi/lib/thumb/v7-m/nofp\libm.a
LOAD c:/st/stm32cubeide_1.7.0/stm32cubeide/plugins/com.st.stm32cube.ide.mcu.externaltools.gnu-tools-for-stm32.9-2020-q2-update.win32_2.0.0.202105311346/tools/bin/../lib/gcc/arm-none-eabi/9.3.1/thumb/v7-m/nofp\libgcc.a

.debug_info     0x0000000000000000     0xe374
 .debug_info    0x0000000000000000      0x871 ./Core/Src/LEDs_display.o
 .debug_info    0x0000000000000871      0x9b1 ./Core/Src/button.o
 .debug_info    0x0000000000001222      0x784 ./Core/Src/fsm_auto_mode.o
 .debug_info    0x00000000000019a6      0x831 ./Core/Src/fsm_manual_mode.o
 .debug_info    0x00000000000021d7      0x8af ./Core/Src/fsm_pedestrian_mode.o
 .debug_info    0x0000000000002a86      0x792 ./Core/Src/fsm_tuning_mode.o
 .debug_info    0x0000000000003218      0x7be ./Core/Src/global.o
 .debug_info    0x00000000000039d6     0x1061 ./Core/Src/main.o
 .debug_info    0x0000000000004a37      0xe1b ./Core/Src/stm32f1xx_hal_msp.o
 .debug_info    0x0000000000005852      0x7de ./Core/Src/stm32f1xx_it.o
 .debug_info    0x0000000000006030      0x2be ./Core/Src/system_stm32f1xx.o
 .debug_info    0x00000000000062ee      0x85b ./Core/Src/timer.o
 .debug_info    0x0000000000006b49       0x22 ./Core/Startup/startup_stm32f103rbtx.o
 .debug_info    0x0000000000006b6b      0x76a ./Drivers/STM32F1xx_HAL_Driver/Src/stm32f1xx_hal.o
 .debug_info    0x00000000000072d5      0xbdc ./Drivers/STM32F1xx_HAL_Driver/Src/stm32f1xx_hal_cortex.o
 .debug_info    0x0000000000007eb1      0x701 ./Drivers/STM32F1xx_HAL_Driver/Src/stm32f1xx_hal_gpio.o
 .debug_info    0x00000000000085b2      0x88e ./Drivers/STM32F1xx_HAL_Driver/Src/stm32f1xx_hal_rcc.o
 .debug_info    0x0000000000008e40     0x2a45 ./Drivers/STM32F1xx_HAL_Driver/Src/stm32f1xx_hal_tim.o
 .debug_info    0x000000000000b885     0x14d5 ./Drivers/STM32F1xx_HAL_Driver/Src/stm32f1xx_hal_tim_ex.o
 .debug_info    0x000000000000cd5a     0x161a ./Drivers/STM32F1xx_HAL_Driver/Src/stm32f1xx_hal_uart.o

.debug_abbrev   0x0000000000000000     0x246e
 .debug_abbrev  0x0000000000000000      0x17c ./Core/Src/LEDs_display.o
 .debug_abbrev  0x000000000000017c      0x1f0 ./Core/Src/button.o
 .debug_abbrev  0x000000000000036c      0x16d ./Core/Src/fsm_auto_mode.o
 .debug_abbrev  0x00000000000004d9      0x16d ./Core/Src/fsm_manual_mode.o
 .debug_abbrev  0x0000000000000646      0x180 ./Core/Src/fsm_pedestrian_mode.o
 .debug_abbrev  0x00000000000007c6      0x17c ./Core/Src/fsm_tuning_mode.o
 .debug_abbrev  0x0000000000000942      0x160 ./Core/Src/global.o
 .debug_abbrev  0x0000000000000aa2      0x294 ./Core/Src/main.o
 .debug_abbrev  0x0000000000000d36      0x1c8 ./Core/Src/stm32f1xx_hal_msp.o
 .debug_abbrev  0x0000000000000efe      0x176 ./Core/Src/stm32f1xx_it.o
 .debug_abbrev  0x0000000000001074      0x14e ./Core/Src/system_stm32f1xx.o
 .debug_abbrev  0x00000000000011c2      0x1f0 ./Core/Src/timer.o
 .debug_abbrev  0x00000000000013b2       0x12 ./Core/Startup/startup_stm32f103rbtx.o
 .debug_abbrev  0x00000000000013c4      0x1ed ./Drivers/STM32F1xx_HAL_Driver/Src/stm32f1xx_hal.o
 .debug_abbrev  0x00000000000015b1      0x313 ./Drivers/STM32F1xx_HAL_Driver/Src/stm32f1xx_hal_cortex.o
 .debug_abbrev  0x00000000000018c4      0x1e8 ./Drivers/STM32F1xx_HAL_Driver/Src/stm32f1xx_hal_gpio.o
 .debug_abbrev  0x0000000000001aac      0x273 ./Drivers/STM32F1xx_HAL_Driver/Src/stm32f1xx_hal_rcc.o
 .debug_abbrev  0x0000000000001d1f      0x25e ./Drivers/STM32F1xx_HAL_Driver/Src/stm32f1xx_hal_tim.o
 .debug_abbrev  0x0000000000001f7d      0x266 ./Drivers/STM32F1xx_HAL_Driver/Src/stm32f1xx_hal_tim_ex.o
 .debug_abbrev  0x00000000000021e3      0x28b ./Drivers/STM32F1xx_HAL_Driver/Src/stm32f1xx_hal_uart.o

.debug_aranges  0x0000000000000000      0xcb8
 .debug_aranges
                0x0000000000000000       0x30 ./Core/Src/LEDs_display.o
 .debug_aranges
                0x0000000000000030       0x50 ./Core/Src/button.o
 .debug_aranges
                0x0000000000000080       0x20 ./Core/Src/fsm_auto_mode.o
 .debug_aranges
                0x00000000000000a0       0x20 ./Core/Src/fsm_manual_mode.o
 .debug_aranges
                0x00000000000000c0       0x30 ./Core/Src/fsm_pedestrian_mode.o
 .debug_aranges
                0x00000000000000f0       0x20 ./Core/Src/fsm_tuning_mode.o
 .debug_aranges
                0x0000000000000110       0x18 ./Core/Src/global.o
 .debug_aranges
                0x0000000000000128       0x50 ./Core/Src/main.o
 .debug_aranges
                0x0000000000000178       0x48 ./Core/Src/stm32f1xx_hal_msp.o
 .debug_aranges
                0x00000000000001c0       0x70 ./Core/Src/stm32f1xx_it.o
 .debug_aranges
                0x0000000000000230       0x28 ./Core/Src/system_stm32f1xx.o
 .debug_aranges
                0x0000000000000258       0x38 ./Core/Src/timer.o
 .debug_aranges
                0x0000000000000290       0x28 ./Core/Startup/startup_stm32f103rbtx.o
 .debug_aranges
                0x00000000000002b8       0xe0 ./Drivers/STM32F1xx_HAL_Driver/Src/stm32f1xx_hal.o
 .debug_aranges
                0x0000000000000398      0x100 ./Drivers/STM32F1xx_HAL_Driver/Src/stm32f1xx_hal_cortex.o
 .debug_aranges
                0x0000000000000498       0x58 ./Drivers/STM32F1xx_HAL_Driver/Src/stm32f1xx_hal_gpio.o
 .debug_aranges
                0x00000000000004f0       0x90 ./Drivers/STM32F1xx_HAL_Driver/Src/stm32f1xx_hal_rcc.o
 .debug_aranges
                0x0000000000000580      0x3d0 ./Drivers/STM32F1xx_HAL_Driver/Src/stm32f1xx_hal_tim.o
 .debug_aranges
                0x0000000000000950      0x168 ./Drivers/STM32F1xx_HAL_Driver/Src/stm32f1xx_hal_tim_ex.o
 .debug_aranges
                0x0000000000000ab8      0x200 ./Drivers/STM32F1xx_HAL_Driver/Src/stm32f1xx_hal_uart.o

.debug_ranges   0x0000000000000000      0xba8
 .debug_ranges  0x0000000000000000       0x20 ./Core/Src/LEDs_display.o
 .debug_ranges  0x0000000000000020       0x40 ./Core/Src/button.o
 .debug_ranges  0x0000000000000060       0x10 ./Core/Src/fsm_auto_mode.o
 .debug_ranges  0x0000000000000070       0x10 ./Core/Src/fsm_manual_mode.o
 .debug_ranges  0x0000000000000080       0x20 ./Core/Src/fsm_pedestrian_mode.o
 .debug_ranges  0x00000000000000a0       0x10 ./Core/Src/fsm_tuning_mode.o
 .debug_ranges  0x00000000000000b0       0x40 ./Core/Src/main.o
 .debug_ranges  0x00000000000000f0       0x38 ./Core/Src/stm32f1xx_hal_msp.o
 .debug_ranges  0x0000000000000128       0x60 ./Core/Src/stm32f1xx_it.o
 .debug_ranges  0x0000000000000188       0x18 ./Core/Src/system_stm32f1xx.o
 .debug_ranges  0x00000000000001a0       0x28 ./Core/Src/timer.o
 .debug_ranges  0x00000000000001c8       0x20 ./Core/Startup/startup_stm32f103rbtx.o
 .debug_ranges  0x00000000000001e8       0xd0 ./Drivers/STM32F1xx_HAL_Driver/Src/stm32f1xx_hal.o
 .debug_ranges  0x00000000000002b8       0xf0 ./Drivers/STM32F1xx_HAL_Driver/Src/stm32f1xx_hal_cortex.o
 .debug_ranges  0x00000000000003a8       0x48 ./Drivers/STM32F1xx_HAL_Driver/Src/stm32f1xx_hal_gpio.o
 .debug_ranges  0x00000000000003f0       0x80 ./Drivers/STM32F1xx_HAL_Driver/Src/stm32f1xx_hal_rcc.o
 .debug_ranges  0x0000000000000470      0x3c0 ./Drivers/STM32F1xx_HAL_Driver/Src/stm32f1xx_hal_tim.o
 .debug_ranges  0x0000000000000830      0x158 ./Drivers/STM32F1xx_HAL_Driver/Src/stm32f1xx_hal_tim_ex.o
 .debug_ranges  0x0000000000000988      0x220 ./Drivers/STM32F1xx_HAL_Driver/Src/stm32f1xx_hal_uart.o

.debug_macro    0x0000000000000000    0x17caa
 .debug_macro   0x0000000000000000      0x20f ./Core/Src/LEDs_display.o
 .debug_macro   0x000000000000020f      0xa9c ./Core/Src/LEDs_display.o
 .debug_macro   0x0000000000000cab      0x21b ./Core/Src/LEDs_display.o
 .debug_macro   0x0000000000000ec6       0x2e ./Core/Src/LEDs_display.o
 .debug_macro   0x0000000000000ef4       0x22 ./Core/Src/LEDs_display.o
 .debug_macro   0x0000000000000f16       0x22 ./Core/Src/LEDs_display.o
 .debug_macro   0x0000000000000f38       0x8e ./Core/Src/LEDs_display.o
 .debug_macro   0x0000000000000fc6       0x51 ./Core/Src/LEDs_display.o
 .debug_macro   0x0000000000001017      0x103 ./Core/Src/LEDs_display.o
 .debug_macro   0x000000000000111a       0x6a ./Core/Src/LEDs_display.o
 .debug_macro   0x0000000000001184      0x1df ./Core/Src/LEDs_display.o
 .debug_macro   0x0000000000001363       0x1c ./Core/Src/LEDs_display.o
 .debug_macro   0x000000000000137f       0x22 ./Core/Src/LEDs_display.o
 .debug_macro   0x00000000000013a1       0xc3 ./Core/Src/LEDs_display.o
 .debug_macro   0x0000000000001464      0xd23 ./Core/Src/LEDs_display.o
 .debug_macro   0x0000000000002187     0xe09e ./Core/Src/LEDs_display.o
 .debug_macro   0x0000000000010225       0x6d ./Core/Src/LEDs_display.o
 .debug_macro   0x0000000000010292     0x3468 ./Core/Src/LEDs_display.o
 .debug_macro   0x00000000000136fa      0x174 ./Core/Src/LEDs_display.o
 .debug_macro   0x000000000001386e       0x5c ./Core/Src/LEDs_display.o
 .debug_macro   0x00000000000138ca      0x5be ./Core/Src/LEDs_display.o
 .debug_macro   0x0000000000013e88      0x289 ./Core/Src/LEDs_display.o
 .debug_macro   0x0000000000014111      0x1cb ./Core/Src/LEDs_display.o
 .debug_macro   0x00000000000142dc      0x114 ./Core/Src/LEDs_display.o
 .debug_macro   0x00000000000143f0      0x1b2 ./Core/Src/LEDs_display.o
 .debug_macro   0x00000000000145a2       0x27 ./Core/Src/LEDs_display.o
 .debug_macro   0x00000000000145c9      0x136 ./Core/Src/LEDs_display.o
 .debug_macro   0x00000000000146ff      0x1bc ./Core/Src/LEDs_display.o
 .debug_macro   0x00000000000148bb       0x34 ./Core/Src/LEDs_display.o
 .debug_macro   0x00000000000148ef       0x3c ./Core/Src/LEDs_display.o
 .debug_macro   0x000000000001492b       0x57 ./Core/Src/LEDs_display.o
 .debug_macro   0x0000000000014982       0x88 ./Core/Src/LEDs_display.o
 .debug_macro   0x0000000000014a0a      0x241 ./Core/Src/LEDs_display.o
 .debug_macro   0x0000000000014c4b      0x141 ./Core/Src/LEDs_display.o
 .debug_macro   0x0000000000014d8c      0x8d1 ./Core/Src/LEDs_display.o
 .debug_macro   0x000000000001565d      0x279 ./Core/Src/LEDs_display.o
 .debug_macro   0x00000000000158d6       0x83 ./Core/Src/LEDs_display.o
 .debug_macro   0x0000000000015959       0xe2 ./Core/Src/LEDs_display.o
 .debug_macro   0x0000000000015a3b       0xb2 ./Core/Src/LEDs_display.o
 .debug_macro   0x0000000000015aed      0x20f ./Core/Src/button.o
 .debug_macro   0x0000000000015cfc      0x20f ./Core/Src/fsm_auto_mode.o
 .debug_macro   0x0000000000015f0b      0x20f ./Core/Src/fsm_manual_mode.o
 .debug_macro   0x000000000001611a      0x20f ./Core/Src/fsm_pedestrian_mode.o
 .debug_macro   0x0000000000016329      0x20f ./Core/Src/fsm_tuning_mode.o
 .debug_macro   0x0000000000016538      0x20b ./Core/Src/global.o
 .debug_macro   0x0000000000016743      0x22f ./Core/Src/main.o
 .debug_macro   0x0000000000016972      0x1b2 ./Core/Src/stm32f1xx_hal_msp.o
 .debug_macro   0x0000000000016b24      0x1bc ./Core/Src/stm32f1xx_it.o
 .debug_macro   0x0000000000016ce0      0x1a3 ./Core/Src/system_stm32f1xx.o
 .debug_macro   0x0000000000016e83      0x20f ./Core/Src/timer.o
 .debug_macro   0x0000000000017092      0x1c7 ./Drivers/STM32F1xx_HAL_Driver/Src/stm32f1xx_hal.o
 .debug_macro   0x0000000000017259      0x1a3 ./Drivers/STM32F1xx_HAL_Driver/Src/stm32f1xx_hal_cortex.o
 .debug_macro   0x00000000000173fc      0x20e ./Drivers/STM32F1xx_HAL_Driver/Src/stm32f1xx_hal_gpio.o
 .debug_macro   0x000000000001760a      0x1b5 ./Drivers/STM32F1xx_HAL_Driver/Src/stm32f1xx_hal_rcc.o
 .debug_macro   0x00000000000177bf      0x1a4 ./Drivers/STM32F1xx_HAL_Driver/Src/stm32f1xx_hal_tim.o
 .debug_macro   0x0000000000017963      0x1a3 ./Drivers/STM32F1xx_HAL_Driver/Src/stm32f1xx_hal_tim_ex.o
 .debug_macro   0x0000000000017b06      0x1a4 ./Drivers/STM32F1xx_HAL_Driver/Src/stm32f1xx_hal_uart.o

.debug_line     0x0000000000000000     0xed37
 .debug_line    0x0000000000000000      0x7cb ./Core/Src/LEDs_display.o
 .debug_line    0x00000000000007cb      0x83b ./Core/Src/button.o
 .debug_line    0x0000000000001006      0x71a ./Core/Src/fsm_auto_mode.o
 .debug_line    0x0000000000001720      0x75d ./Core/Src/fsm_manual_mode.o
 .debug_line    0x0000000000001e7d      0x991 ./Core/Src/fsm_pedestrian_mode.o
 .debug_line    0x000000000000280e      0x7a9 ./Core/Src/fsm_tuning_mode.o
 .debug_line    0x0000000000002fb7      0x6e4 ./Core/Src/global.o
 .debug_line    0x000000000000369b      0x8c1 ./Core/Src/main.o
 .debug_line    0x0000000000003f5c      0x72d ./Core/Src/stm32f1xx_hal_msp.o
 .debug_line    0x0000000000004689      0x76f ./Core/Src/stm32f1xx_it.o
 .debug_line    0x0000000000004df8      0x6fb ./Core/Src/system_stm32f1xx.o
 .debug_line    0x00000000000054f3      0x76c ./Core/Src/timer.o
 .debug_line    0x0000000000005c5f       0x87 ./Core/Startup/startup_stm32f103rbtx.o
 .debug_line    0x0000000000005ce6      0x928 ./Drivers/STM32F1xx_HAL_Driver/Src/stm32f1xx_hal.o
 .debug_line    0x000000000000660e      0xb10 ./Drivers/STM32F1xx_HAL_Driver/Src/stm32f1xx_hal_cortex.o
 .debug_line    0x000000000000711e      0x9bf ./Drivers/STM32F1xx_HAL_Driver/Src/stm32f1xx_hal_gpio.o
 .debug_line    0x0000000000007add      0xd36 ./Drivers/STM32F1xx_HAL_Driver/Src/stm32f1xx_hal_rcc.o
 .debug_line    0x0000000000008813     0x32d1 ./Drivers/STM32F1xx_HAL_Driver/Src/stm32f1xx_hal_tim.o
 .debug_line    0x000000000000bae4     0x1850 ./Drivers/STM32F1xx_HAL_Driver/Src/stm32f1xx_hal_tim_ex.o
 .debug_line    0x000000000000d334     0x1a03 ./Drivers/STM32F1xx_HAL_Driver/Src/stm32f1xx_hal_uart.o

.debug_str      0x0000000000000000    0x86af6
 .debug_str     0x0000000000000000    0x83b69 ./Core/Src/LEDs_display.o
                                      0x83f60 (size before relaxing)
 .debug_str     0x0000000000083b69       0xcc ./Core/Src/button.o
                                      0x83fe9 (size before relaxing)
 .debug_str     0x0000000000083c35       0x2b ./Core/Src/fsm_auto_mode.o
                                      0x83f01 (size before relaxing)
 .debug_str     0x0000000000083c60       0x2f ./Core/Src/fsm_manual_mode.o
                                      0x83f4c (size before relaxing)
 .debug_str     0x0000000000083c8f       0x6d ./Core/Src/fsm_pedestrian_mode.o
                                      0x83f90 (size before relaxing)
 .debug_str     0x0000000000083cfc       0x2f ./Core/Src/fsm_tuning_mode.o
                                      0x83f05 (size before relaxing)
 .debug_str     0x0000000000083d2b       0x15 ./Core/Src/global.o
                                      0x83eeb (size before relaxing)
 .debug_str     0x0000000000083d40      0x760 ./Core/Src/main.o
                                      0x8471c (size before relaxing)
 .debug_str     0x00000000000844a0       0xce ./Core/Src/stm32f1xx_hal_msp.o
                                      0x84232 (size before relaxing)
 .debug_str     0x000000000008456e       0xe2 ./Core/Src/stm32f1xx_it.o
                                      0x83d14 (size before relaxing)
 .debug_str     0x0000000000084650       0x52 ./Core/Src/system_stm32f1xx.o
                                      0x8344e (size before relaxing)
 .debug_str     0x00000000000846a2       0x67 ./Core/Src/timer.o
                                      0x83f3d (size before relaxing)
 .debug_str     0x0000000000084709       0x36 ./Core/Startup/startup_stm32f103rbtx.o
                                         0x6b (size before relaxing)
 .debug_str     0x000000000008473f      0x304 ./Drivers/STM32F1xx_HAL_Driver/Src/stm32f1xx_hal.o
                                      0x83adf (size before relaxing)
 .debug_str     0x0000000000084a43      0x300 ./Drivers/STM32F1xx_HAL_Driver/Src/stm32f1xx_hal_cortex.o
                                      0x83ae7 (size before relaxing)
 .debug_str     0x0000000000084d43      0x316 ./Drivers/STM32F1xx_HAL_Driver/Src/stm32f1xx_hal_gpio.o
                                      0x83812 (size before relaxing)
 .debug_str     0x0000000000085059      0x24f ./Drivers/STM32F1xx_HAL_Driver/Src/stm32f1xx_hal_rcc.o
                                      0x8384b (size before relaxing)
 .debug_str     0x00000000000852a8      0xd73 ./Drivers/STM32F1xx_HAL_Driver/Src/stm32f1xx_hal_tim.o
                                      0x8481d (size before relaxing)
 .debug_str     0x000000000008601b      0x4ee ./Drivers/STM32F1xx_HAL_Driver/Src/stm32f1xx_hal_tim_ex.o
                                      0x83fce (size before relaxing)
 .debug_str     0x0000000000086509      0x5ed ./Drivers/STM32F1xx_HAL_Driver/Src/stm32f1xx_hal_uart.o
                                      0x83e3d (size before relaxing)

.comment        0x0000000000000000       0x53
 .comment       0x0000000000000000       0x53 ./Core/Src/LEDs_display.o
                                         0x54 (size before relaxing)
 .comment       0x0000000000000053       0x54 ./Core/Src/button.o
 .comment       0x0000000000000053       0x54 ./Core/Src/fsm_auto_mode.o
 .comment       0x0000000000000053       0x54 ./Core/Src/fsm_manual_mode.o
 .comment       0x0000000000000053       0x54 ./Core/Src/fsm_pedestrian_mode.o
 .comment       0x0000000000000053       0x54 ./Core/Src/fsm_tuning_mode.o
 .comment       0x0000000000000053       0x54 ./Core/Src/global.o
 .comment       0x0000000000000053       0x54 ./Core/Src/main.o
 .comment       0x0000000000000053       0x54 ./Core/Src/stm32f1xx_hal_msp.o
 .comment       0x0000000000000053       0x54 ./Core/Src/stm32f1xx_it.o
 .comment       0x0000000000000053       0x54 ./Core/Src/system_stm32f1xx.o
 .comment       0x0000000000000053       0x54 ./Core/Src/timer.o
 .comment       0x0000000000000053       0x54 ./Drivers/STM32F1xx_HAL_Driver/Src/stm32f1xx_hal.o
 .comment       0x0000000000000053       0x54 ./Drivers/STM32F1xx_HAL_Driver/Src/stm32f1xx_hal_cortex.o
 .comment       0x0000000000000053       0x54 ./Drivers/STM32F1xx_HAL_Driver/Src/stm32f1xx_hal_gpio.o
 .comment       0x0000000000000053       0x54 ./Drivers/STM32F1xx_HAL_Driver/Src/stm32f1xx_hal_rcc.o
 .comment       0x0000000000000053       0x54 ./Drivers/STM32F1xx_HAL_Driver/Src/stm32f1xx_hal_tim.o
 .comment       0x0000000000000053       0x54 ./Drivers/STM32F1xx_HAL_Driver/Src/stm32f1xx_hal_tim_ex.o
 .comment       0x0000000000000053       0x54 ./Drivers/STM32F1xx_HAL_Driver/Src/stm32f1xx_hal_uart.o

.debug_frame    0x0000000000000000     0x32a4
 .debug_frame   0x0000000000000000       0x64 ./Core/Src/LEDs_display.o
 .debug_frame   0x0000000000000064      0x124 ./Core/Src/button.o
 .debug_frame   0x0000000000000188       0x2c ./Core/Src/fsm_auto_mode.o
 .debug_frame   0x00000000000001b4       0x2c ./Core/Src/fsm_manual_mode.o
 .debug_frame   0x00000000000001e0       0x64 ./Core/Src/fsm_pedestrian_mode.o
 .debug_frame   0x0000000000000244       0x2c ./Core/Src/fsm_tuning_mode.o
 .debug_frame   0x0000000000000270       0xf0 ./Core/Src/main.o
 .debug_frame   0x0000000000000360       0xec ./Core/Src/stm32f1xx_hal_msp.o
 .debug_frame   0x000000000000044c      0x13c ./Core/Src/stm32f1xx_it.o
 .debug_frame   0x0000000000000588       0x58 ./Core/Src/system_stm32f1xx.o
 .debug_frame   0x00000000000005e0       0xb0 ./Core/Src/timer.o
 .debug_frame   0x0000000000000690      0x334 ./Drivers/STM32F1xx_HAL_Driver/Src/stm32f1xx_hal.o
 .debug_frame   0x00000000000009c4      0x428 ./Drivers/STM32F1xx_HAL_Driver/Src/stm32f1xx_hal_cortex.o
 .debug_frame   0x0000000000000dec      0x14c ./Drivers/STM32F1xx_HAL_Driver/Src/stm32f1xx_hal_gpio.o
 .debug_frame   0x0000000000000f38      0x21c ./Drivers/STM32F1xx_HAL_Driver/Src/stm32f1xx_hal_rcc.o
 .debug_frame   0x0000000000001154     0x11b8 ./Drivers/STM32F1xx_HAL_Driver/Src/stm32f1xx_hal_tim.o
 .debug_frame   0x000000000000230c      0x638 ./Drivers/STM32F1xx_HAL_Driver/Src/stm32f1xx_hal_tim_ex.o
 .debug_frame   0x0000000000002944      0x914 ./Drivers/STM32F1xx_HAL_Driver/Src/stm32f1xx_hal_uart.o
 .debug_frame   0x0000000000003258       0x2c c:/st/stm32cubeide_1.7.0/stm32cubeide/plugins/com.st.stm32cube.ide.mcu.externaltools.gnu-tools-for-stm32.9-2020-q2-update.win32_2.0.0.202105311346/tools/bin/../lib/gcc/arm-none-eabi/9.3.1/../../../../arm-none-eabi/lib/thumb/v7-m/nofp\libc_nano.a(lib_a-init.o)
 .debug_frame   0x0000000000003284       0x20 c:/st/stm32cubeide_1.7.0/stm32cubeide/plugins/com.st.stm32cube.ide.mcu.externaltools.gnu-tools-for-stm32.9-2020-q2-update.win32_2.0.0.202105311346/tools/bin/../lib/gcc/arm-none-eabi/9.3.1/../../../../arm-none-eabi/lib/thumb/v7-m/nofp\libc_nano.a(lib_a-memset.o)
