Archive member included to satisfy reference by file (symbol)

c:/st/stm32cubeide_1.7.0/stm32cubeide/plugins/com.st.stm32cube.ide.mcu.externaltools.gnu-tools-for-stm32.9-2020-q2-update.win32_2.0.0.202105311346/tools/bin/../lib/gcc/arm-none-eabi/9.3.1/../../../../arm-none-eabi/lib/thumb/v7-m/nofp\libc_nano.a(lib_a-errno.o)
                              ./Core/Src/syscalls.o (__errno)
c:/st/stm32cubeide_1.7.0/stm32cubeide/plugins/com.st.stm32cube.ide.mcu.externaltools.gnu-tools-for-stm32.9-2020-q2-update.win32_2.0.0.202105311346/tools/bin/../lib/gcc/arm-none-eabi/9.3.1/../../../../arm-none-eabi/lib/thumb/v7-m/nofp\libc_nano.a(lib_a-exit.o)
                              c:/st/stm32cubeide_1.7.0/stm32cubeide/plugins/com.st.stm32cube.ide.mcu.externaltools.gnu-tools-for-stm32.9-2020-q2-update.win32_2.0.0.202105311346/tools/bin/../lib/gcc/arm-none-eabi/9.3.1/../../../../arm-none-eabi/lib/thumb/v7-m/nofp/crt0.o (exit)
c:/st/stm32cubeide_1.7.0/stm32cubeide/plugins/com.st.stm32cube.ide.mcu.externaltools.gnu-tools-for-stm32.9-2020-q2-update.win32_2.0.0.202105311346/tools/bin/../lib/gcc/arm-none-eabi/9.3.1/../../../../arm-none-eabi/lib/thumb/v7-m/nofp\libc_nano.a(lib_a-impure.o)
                              c:/st/stm32cubeide_1.7.0/stm32cubeide/plugins/com.st.stm32cube.ide.mcu.externaltools.gnu-tools-for-stm32.9-2020-q2-update.win32_2.0.0.202105311346/tools/bin/../lib/gcc/arm-none-eabi/9.3.1/../../../../arm-none-eabi/lib/thumb/v7-m/nofp\libc_nano.a(lib_a-exit.o) (_global_impure_ptr)
c:/st/stm32cubeide_1.7.0/stm32cubeide/plugins/com.st.stm32cube.ide.mcu.externaltools.gnu-tools-for-stm32.9-2020-q2-update.win32_2.0.0.202105311346/tools/bin/../lib/gcc/arm-none-eabi/9.3.1/../../../../arm-none-eabi/lib/thumb/v7-m/nofp\libc_nano.a(lib_a-init.o)
                              c:/st/stm32cubeide_1.7.0/stm32cubeide/plugins/com.st.stm32cube.ide.mcu.externaltools.gnu-tools-for-stm32.9-2020-q2-update.win32_2.0.0.202105311346/tools/bin/../lib/gcc/arm-none-eabi/9.3.1/../../../../arm-none-eabi/lib/thumb/v7-m/nofp/crt0.o (__libc_init_array)
c:/st/stm32cubeide_1.7.0/stm32cubeide/plugins/com.st.stm32cube.ide.mcu.externaltools.gnu-tools-for-stm32.9-2020-q2-update.win32_2.0.0.202105311346/tools/bin/../lib/gcc/arm-none-eabi/9.3.1/../../../../arm-none-eabi/lib/thumb/v7-m/nofp\libc_nano.a(lib_a-memset.o)
                              c:/st/stm32cubeide_1.7.0/stm32cubeide/plugins/com.st.stm32cube.ide.mcu.externaltools.gnu-tools-for-stm32.9-2020-q2-update.win32_2.0.0.202105311346/tools/bin/../lib/gcc/arm-none-eabi/9.3.1/../../../../arm-none-eabi/lib/thumb/v7-m/nofp/crt0.o (memset)
c:/st/stm32cubeide_1.7.0/stm32cubeide/plugins/com.st.stm32cube.ide.mcu.externaltools.gnu-tools-for-stm32.9-2020-q2-update.win32_2.0.0.202105311346/tools/bin/../lib/gcc/arm-none-eabi/9.3.1/../../../../arm-none-eabi/lib/thumb/v7-m/nofp\libc_nano.a(lib_a-sprintf.o)
                              ./Core/Src/uart.o (sprintf)
c:/st/stm32cubeide_1.7.0/stm32cubeide/plugins/com.st.stm32cube.ide.mcu.externaltools.gnu-tools-for-stm32.9-2020-q2-update.win32_2.0.0.202105311346/tools/bin/../lib/gcc/arm-none-eabi/9.3.1/../../../../arm-none-eabi/lib/thumb/v7-m/nofp\libc_nano.a(lib_a-nano-svfprintf.o)
                              c:/st/stm32cubeide_1.7.0/stm32cubeide/plugins/com.st.stm32cube.ide.mcu.externaltools.gnu-tools-for-stm32.9-2020-q2-update.win32_2.0.0.202105311346/tools/bin/../lib/gcc/arm-none-eabi/9.3.1/../../../../arm-none-eabi/lib/thumb/v7-m/nofp\libc_nano.a(lib_a-sprintf.o) (_svfprintf_r)
c:/st/stm32cubeide_1.7.0/stm32cubeide/plugins/com.st.stm32cube.ide.mcu.externaltools.gnu-tools-for-stm32.9-2020-q2-update.win32_2.0.0.202105311346/tools/bin/../lib/gcc/arm-none-eabi/9.3.1/../../../../arm-none-eabi/lib/thumb/v7-m/nofp\libc_nano.a(lib_a-nano-vfprintf_i.o)
                              c:/st/stm32cubeide_1.7.0/stm32cubeide/plugins/com.st.stm32cube.ide.mcu.externaltools.gnu-tools-for-stm32.9-2020-q2-update.win32_2.0.0.202105311346/tools/bin/../lib/gcc/arm-none-eabi/9.3.1/../../../../arm-none-eabi/lib/thumb/v7-m/nofp\libc_nano.a(lib_a-nano-svfprintf.o) (_printf_i)
c:/st/stm32cubeide_1.7.0/stm32cubeide/plugins/com.st.stm32cube.ide.mcu.externaltools.gnu-tools-for-stm32.9-2020-q2-update.win32_2.0.0.202105311346/tools/bin/../lib/gcc/arm-none-eabi/9.3.1/../../../../arm-none-eabi/lib/thumb/v7-m/nofp\libc_nano.a(lib_a-memchr-stub.o)
                              c:/st/stm32cubeide_1.7.0/stm32cubeide/plugins/com.st.stm32cube.ide.mcu.externaltools.gnu-tools-for-stm32.9-2020-q2-update.win32_2.0.0.202105311346/tools/bin/../lib/gcc/arm-none-eabi/9.3.1/../../../../arm-none-eabi/lib/thumb/v7-m/nofp\libc_nano.a(lib_a-nano-svfprintf.o) (memchr)
c:/st/stm32cubeide_1.7.0/stm32cubeide/plugins/com.st.stm32cube.ide.mcu.externaltools.gnu-tools-for-stm32.9-2020-q2-update.win32_2.0.0.202105311346/tools/bin/../lib/gcc/arm-none-eabi/9.3.1/../../../../arm-none-eabi/lib/thumb/v7-m/nofp\libc_nano.a(lib_a-memcpy-stub.o)
[...]
Memory Configuration

Name             Origin             Length             Attributes
RAM              0x0000000020000000 0x0000000000005000 xrw
FLASH            0x0000000008000000 0x0000000000020000 xr
*default*        0x0000000000000000 0xffffffffffffffff

Linker script and memory map

LOAD c:/st/stm32cubeide_1.7.0/stm32cubeide/plugins/com.st.stm32cube.ide.mcu.externaltools.gnu-tools-for-stm32.9-2020-q2-update.win32_2.0.0.202105311346/tools/bin/../lib/gcc/arm-none-eabi/9.3.1/thumb/v7-m/nofp/crti.o
LOAD c:/st/stm32cubeide_1.7.0/stm32cubeide/plugins/com.st.stm32cube.ide.mcu.externaltools.gnu-tools-for-stm32.9-2020-q2-update.win32_2.0.0.202105311346/tools/bin/../lib/gcc/arm-none-eabi/9.3.1/thumb/v7-m/nofp/crtbegin.o
LOAD c:/st/stm32cubeide_1.7.0/stm32cubeide/plugins/com.st.stm32cube.ide.mcu.externaltools.gnu-tools-for-stm32.9-2020-q2-update.win32_2.0.0.202105311346/tools/bin/../lib/gcc/arm-none-eabi/9.3.1/../../../../arm-none-eabi/lib/thumb/v7-m/nofp/crt0.o
LOAD ./Core/Src/LEDs_display.o
LOAD ./Core/Src/button.o
LOAD ./Core/Src/fsm_auto_mode.o
LOAD ./Core/Src/fsm_manual_mode.o
LOAD ./Core/Src/fsm_pedestrian_mode.o
LOAD ./Core/Src/fsm_tuning_mode.o
LOAD ./Core/Src/global.o
LOAD ./Core/Src/main.o
LOAD ./Core/Src/stm32f1xx_hal_msp.o
LOAD ./Core/Src/stm32f1xx_it.o
LOAD ./Core/Src/syscalls.o
LOAD ./Core/Src/sysmem.o
LOAD ./Core/Src/system_stm32f1xx.o
LOAD ./Core/Src/timer.o
LOAD ./Core/Src/uart.o
LOAD ./Core/Startup/startup_stm32f103rbtx.o
LOAD ./Drivers/STM32F1xx_HAL_Driver/Src/stm32f1xx_hal.o
LOAD ./Drivers/STM32F1xx_HAL_Driver/Src/stm32f1xx_hal_cortex.o
LOAD ./Drivers/STM32F1xx_HAL_Driver/Src/stm32f1xx_hal_dma.o
LOAD ./Drivers/STM32F1xx_HAL_Driver/Src/stm32f1xx_hal_exti.o
LOAD ./Drivers/STM32F1xx_HAL_Driver/Src/stm32f1xx_hal_flash.o
LOAD ./Drivers/STM32F1xx_HAL_Driver/Src/stm32f1xx_hal_flash_ex.o
LOAD ./Drivers/STM32F1xx_HAL_Driver/Src/stm32f1xx_hal_gpio.o
LOAD ./Drivers/STM32F1xx_HAL_Driver/Src/stm32f1xx_hal_gpio_ex.o
LOAD ./Drivers/STM32F1xx_HAL_Driver/Src/stm32f1xx_hal_pwr.o
LOAD ./Drivers/STM32F1xx_HAL_Driver/Src/stm32f1xx_hal_rcc.o
LOAD ./Drivers/STM32F1xx_HAL_Driver/Src/stm32f1xx_hal_rcc_ex.o
LOAD ./Drivers/STM32F1xx_HAL_Driver/Src/stm32f1xx_hal_tim.o
LOAD ./Drivers/STM32F1xx_HAL_Driver/Src/stm32f1xx_hal_tim_ex.o
LOAD ./Drivers/STM32F1xx_HAL_Driver/Src/stm32f1xx_hal_uart.o
START GROUP
LOAD c:/st/stm32cubeide_1.7.0/stm32cubeide/plugins/com.st.stm32cube.ide.mcu.externaltools.gnu-tools-for-stm32.9-2020-q2-update.win32_2.0.0.202105311346/tools/bin/../lib/gcc/arm-none-eabi/9.3.1/../../../../arm-none-eabi/lib/thumb/v7-m/nofp\libc_nano.a
LOAD c:/st/stm32cubeide_1.7.0/stm32cubeide/plugins/com.st.stm32cube.ide.mcu.externaltools.gnu-tools-for-stm32.9-2020-q2-update.win32_2.0.0.202105311346/tools/bin/../lib/gcc/arm-none-eabi/9.3.1/../../../../arm-none-eabi/lib/thumb/v7-m/nofp\libm.a
END GROUP
START GROUP
LOAD c:/st/stm32cubeide_1.7.0/stm32cubeide/plugins/com.st.stm32cube.ide.mcu.externaltools.gnu-tools-for-stm32.9-2020-q2-update.win32_2.0.0.202105311346/tools/bin/../lib/gcc/arm-none-eabi/9.3.1/thumb/v7-m/nofp\libgcc.a
LOAD c:/st/stm32cubeide_1.7.0/stm32cubeide/plugins/com.st.stm32cube.ide.mcu.externaltools.gnu-tools-for-stm32.9-2020-q2-update.win32_2.0.0.202105311346/tools/bin/../lib/gcc/arm-none-eabi/9.3.1/../../../../arm-none-eabi/lib/thumb/v7-m/nofp\libc_nano.a
END GROUP
START GROUP
LOAD c:/st/stm32cubeide_1.7.0/stm32cubeide/plugins/com.st.stm32cube.ide.mcu.externaltools.gnu-tools-for-stm32.9-2020-q2-update.win32_2.0.0.202105311346/tools/bin/../lib/gcc/arm-none-eabi/9.3.1/thumb/v7-m/nofp\libgcc.a
LOAD c:/st/stm32cubeide_1.7.0/stm32cubeide/plugins/com.st.stm32cube.ide.mcu.externaltools.gnu-tools-for-stm32.9-2020-q2-update.win32_2.0.0.202105311346/tools/bin/../lib/gcc/arm-none-eabi/9.3.1/../../../../arm-none-eabi/lib/thumb/v7-m/nofp\libc_nano.a
LOAD c:/st/stm32cubeide_1.7.0/stm32cubeide/plugins/com.st.stm32cube.ide.mcu.externaltools.gnu-tools-for-stm32.9-2020-q2-update.win32_2.0.0.202105311346/tools/bin/../lib/gcc/arm-none-eabi/9.3.1/../../../../arm-none-eabi/lib/thumb/v7-m/nofp\libnosys.a
END GROUP
START GROUP
LOAD c:/st/stm32cubeide_1.7.0/stm32cubeide/plugins/com.st.stm32cube.ide.mcu.externaltools.gnu-tools-for-stm32.9-2020-q2-update.win32_2.0.0.202105311346/tools/bin/../lib/gcc/arm-none-eabi/9.3.1/thumb/v7-m/nofp\libgcc.a
LOAD c:/st/stm32cubeide_1.7.0/stm32cubeide/plugins/com.st.stm32cube.ide.mcu.externaltools.gnu-tools-for-stm32.9-2020-q2-update.win32_2.0.0.202105311346/tools/bin/../lib/gcc/arm-none-eabi/9.3.1/../../../../arm-none-eabi/lib/thumb/v7-m/nofp\libc_nano.a
LOAD c:/st/stm32cubeide_1.7.0/stm32cubeide/plugins/com.st.stm32cube.ide.mcu.externaltools.gnu-tools-for-stm32.9-2020-q2-update.win32_2.0.0.202105311346/tools/bin/../lib/gcc/arm-none-eabi/9.3.1/../../../../arm-none-eabi/lib/thumb/v7-m/nofp\libnosys.a
END GROUP
LOAD c:/st/stm32cubeide_1.7.0/stm32cubeide/plugins/com.st.stm32cube.ide.mcu.externaltools.gnu-tools-for-stm32.9-2020-q2-update.win32_2.0.0.202105311346/tools/bin/../lib/gcc/arm-none-eabi/9.3.1/thumb/v7-m/nofp/crtend.o
LOAD c:/st/stm32cubeide_1.7.0/stm32cubeide/plugins/com.st.stm32cube.ide.mcu.externaltools.gnu-tools-for-stm32.9-2020-q2-update.win32_2.0.0.202105311346/tools/bin/../lib/gcc/arm-none-eabi/9.3.1/thumb/v7-m/nofp/crtn.o
                0x0000000020005000                _estack = (ORIGIN (RAM) + LENGTH (RAM))
                0x0000000000000200                _Min_Heap_Size = 0x200
                0x0000000000000400                _Min_Stack_Size = 0x400

.isr_vector     0x0000000008000000      0x10c
                0x0000000008000000                . = ALIGN (0x4)
 *(.isr_vector)
 .isr_vector    0x0000000008000000      0x10c ./Core/Startup/startup_stm32f103rbtx.o
                0x0000000008000000                g_pfnVectors
                0x000000000800010c                . = ALIGN (0x4)

.text           0x000000000800010c     0x3c48
                0x000000000800010c                . = ALIGN (0x4)
 *(.text)
 .text          0x000000000800010c       0x40 c:/st/stm32cubeide_1.7.0/stm32cubeide/plugins/com.st.stm32cube.ide.mcu.externaltools.gnu-tools-for-stm32.9-2020-q2-update.win32_2.0.0.202105311346/tools/bin/../lib/gcc/arm-none-eabi/9.3.1/thumb/v7-m/nofp/crtbegin.o
 *(.text*)
 .text.fsmHorLEDsRun
                0x000000000800014c       0xc0 ./Core/Src/LEDs_display.o
                0x000000000800014c                fsmHorLEDsRun
 .text.fsmVerLEDsRun
                0x000000000800020c       0xc0 ./Core/Src/LEDs_display.o
                0x000000000800020c                fsmVerLEDsRun
 .text.LEDsDisplay
                0x00000000080002cc       0xdc ./Core/Src/LEDs_display.o
                0x00000000080002cc                LEDsDisplay
 .text.isButtonPressed
                0x00000000080003a8       0x34 ./Core/Src/button.o
                0x00000000080003a8                isButtonPressed
 .text.isButtonLongPressed
                0x00000000080003dc       0x34 ./Core/Src/button.o
                0x00000000080003dc                isButtonLongPressed
 .text.subKeyProcess
                0x0000000008000410       0x20 ./Core/Src/button.o
                0x0000000008000410                subKeyProcess
 .text.subKeyLongProcess
                0x0000000008000430       0x20 ./Core/Src/button.o
                0x0000000008000430                subKeyLongProcess
 .text.resetKey
                0x0000000008000450       0x30 ./Core/Src/button.o
                0x0000000008000450                resetKey
 .text.setKeyTimer
                0x0000000008000480       0x34 ./Core/Src/button.o
                0x0000000008000480                setKeyTimer
 .text.getKeyInput
                0x00000000080004b4      0x1a4 ./Core/Src/button.o
                0x00000000080004b4                getKeyInput
 .text.fsmAutoModeRun
                0x0000000008000658       0x3c ./Core/Src/fsm_auto_mode.o
                0x0000000008000658                fsmAutoModeRun
 .text.fsmManualModeRun
                0x0000000008000694      0x18c ./Core/Src/fsm_manual_mode.o
                0x0000000008000694                fsmManualModeRun
 .text.fsmVerPedRun
                0x0000000008000820      0x168 ./Core/Src/fsm_pedestrian_mode.o
                0x0000000008000820                fsmVerPedRun
 .text.fsmHorPedRun
                0x0000000008000988      0x168 ./Core/Src/fsm_pedestrian_mode.o
                0x0000000008000988                fsmHorPedRun
 .text.fsmPedestrianModeRun
                0x0000000008000af0      0x298 ./Core/Src/fsm_pedestrian_mode.o
                0x0000000008000af0                fsmPedestrianModeRun
 .text.fsmTuningModeRun
                0x0000000008000d88      0x1a0 ./Core/Src/fsm_tuning_mode.o
                0x0000000008000d88                fsmTuningModeRun
 .text.main     0x0000000008000f28       0x44 ./Core/Src/main.o
                0x0000000008000f28                main
 .text.SystemClock_Config
                0x0000000008000f6c       0x82 ./Core/Src/main.o
                0x0000000008000f6c                SystemClock_Config
 *fill*         0x0000000008000fee        0x2 
 .text.MX_TIM3_Init
                0x0000000008000ff0      0x104 ./Core/Src/main.o
 .text.MX_USART2_UART_Init
                0x00000000080010f4       0x54 ./Core/Src/main.o
 .text.MX_GPIO_Init
                0x0000000008001148      0x140 ./Core/Src/main.o
 .text.HAL_TIM_PeriodElapsedCallback
                0x0000000008001288       0x18 ./Core/Src/main.o
                0x0000000008001288                HAL_TIM_PeriodElapsedCallback
 .text.Error_Handler
                0x00000000080012a0        0xa ./Core/Src/main.o
                0x00000000080012a0                Error_Handler
 *fill*         0x00000000080012aa        0x2 
 .text.HAL_MspInit
                0x00000000080012ac       0x64 ./Core/Src/stm32f1xx_hal_msp.o
                0x00000000080012ac                HAL_MspInit
 .text.HAL_TIM_Base_MspInit
                0x0000000008001310       0x4c ./Core/Src/stm32f1xx_hal_msp.o
                0x0000000008001310                HAL_TIM_Base_MspInit
 .text.HAL_TIM_MspPostInit
                0x000000000800135c       0x64 ./Core/Src/stm32f1xx_hal_msp.o
                0x000000000800135c                HAL_TIM_MspPostInit
 .text.HAL_UART_MspInit
                0x00000000080013c0       0x8c ./Core/Src/stm32f1xx_hal_msp.o
                0x00000000080013c0                HAL_UART_MspInit
 .text.NMI_Handler
                0x000000000800144c        0x6 ./Core/Src/stm32f1xx_it.o
                0x000000000800144c                NMI_Handler
 .text.HardFault_Handler
                0x0000000008001452        0x6 ./Core/Src/stm32f1xx_it.o
                0x0000000008001452                HardFault_Handler
 .text.MemManage_Handler
                0x0000000008001458        0x6 ./Core/Src/stm32f1xx_it.o
                0x0000000008001458                MemManage_Handler
 .text.BusFault_Handler
                0x000000000800145e        0x6 ./Core/Src/stm32f1xx_it.o
                0x000000000800145e                BusFault_Handler
 .text.UsageFault_Handler
                0x0000000008001464        0x6 ./Core/Src/stm32f1xx_it.o
                0x0000000008001464                UsageFault_Handler
 .text.SVC_Handler
                0x000000000800146a        0xc ./Core/Src/stm32f1xx_it.o
                0x000000000800146a                SVC_Handler
 .text.DebugMon_Handler
                0x0000000008001476        0xc ./Core/Src/stm32f1xx_it.o
                0x0000000008001476                DebugMon_Handler
 .text.PendSV_Handler
                0x0000000008001482        0xc ./Core/Src/stm32f1xx_it.o
                0x0000000008001482                PendSV_Handler
 .text.SysTick_Handler
                0x000000000800148e        0xc ./Core/Src/stm32f1xx_it.o
                0x000000000800148e                SysTick_Handler
 *fill*         0x000000000800149a        0x2 
 .text.TIM3_IRQHandler
                0x000000000800149c       0x14 ./Core/Src/stm32f1xx_it.o
                0x000000000800149c                TIM3_IRQHandler
 .text.USART2_IRQHandler
                0x00000000080014b0       0x14 ./Core/Src/stm32f1xx_it.o
                0x00000000080014b0                USART2_IRQHandler
 .text.EXTI15_10_IRQHandler
                0x00000000080014c4       0x10 ./Core/Src/stm32f1xx_it.o
                0x00000000080014c4                EXTI15_10_IRQHandler
 .text.SystemInit
                0x00000000080014d4        0xc ./Core/Src/system_stm32f1xx.o
                0x00000000080014d4                SystemInit
 .text.currentCounter
                0x00000000080014e0       0x20 ./Core/Src/timer.o
                0x00000000080014e0                currentCounter
 .text.isTimerUp
                0x0000000008001500       0x28 ./Core/Src/timer.o
                0x0000000008001500                isTimerUp
 .text.setTimer
                0x0000000008001528       0x3c ./Core/Src/timer.o
                0x0000000008001528                setTimer
 .text.timerRun
                0x0000000008001564       0x60 ./Core/Src/timer.o
                0x0000000008001564                timerRun
 .text.Reset_Handler
                0x00000000080015c4       0x48 ./Core/Startup/startup_stm32f103rbtx.o
                0x00000000080015c4                Reset_Handler
 .text.Default_Handler
                0x000000000800160c        0x2 ./Core/Startup/startup_stm32f103rbtx.o
                0x000000000800160c                RTC_Alarm_IRQHandler
                0x000000000800160c                EXTI2_IRQHandler
                0x000000000800160c                TIM1_CC_IRQHandler
                0x000000000800160c                PVD_IRQHandler
                0x000000000800160c                EXTI3_IRQHandler
                0x000000000800160c                EXTI0_IRQHandler
                0x000000000800160c                I2C2_EV_IRQHandler
                0x000000000800160c                ADC1_2_IRQHandler
                0x000000000800160c                SPI1_IRQHandler
                0x000000000800160c                TAMPER_IRQHandler
                0x000000000800160c                DMA1_Channel4_IRQHandler
                0x000000000800160c                USART3_IRQHandler
                0x000000000800160c                RTC_IRQHandler
                0x000000000800160c                DMA1_Channel7_IRQHandler
                0x000000000800160c                CAN1_RX1_IRQHandler
                0x000000000800160c                TIM4_IRQHandler
                0x000000000800160c                I2C1_EV_IRQHandler
                0x000000000800160c                DMA1_Channel6_IRQHandler
                0x000000000800160c                RCC_IRQHandler
                0x000000000800160c                TIM1_TRG_COM_IRQHandler
                0x000000000800160c                DMA1_Channel1_IRQHandler
                0x000000000800160c                Default_Handler
                0x000000000800160c                EXTI9_5_IRQHandler
                0x000000000800160c                SPI2_IRQHandler
                0x000000000800160c                DMA1_Channel5_IRQHandler
                0x000000000800160c                EXTI4_IRQHandler
                0x000000000800160c                USB_LP_CAN1_RX0_IRQHandler
                0x000000000800160c                USB_HP_CAN1_TX_IRQHandler
                0x000000000800160c                DMA1_Channel3_IRQHandler
                0x000000000800160c                TIM1_UP_IRQHandler
                0x000000000800160c                WWDG_IRQHandler
                0x000000000800160c                TIM2_IRQHandler
                0x000000000800160c                TIM1_BRK_IRQHandler
                0x000000000800160c                EXTI1_IRQHandler
                0x000000000800160c                I2C2_ER_IRQHandler
                0x000000000800160c                DMA1_Channel2_IRQHandler
                0x000000000800160c                CAN1_SCE_IRQHandler
                0x000000000800160c                FLASH_IRQHandler
                0x000000000800160c                USART1_IRQHandler
                0x000000000800160c                I2C1_ER_IRQHandler
                0x000000000800160c                USBWakeUp_IRQHandler
 *fill*         0x000000000800160e        0x2 
 .text.HAL_Init
                0x0000000008001610       0x2c ./Drivers/STM32F1xx_HAL_Driver/Src/stm32f1xx_hal.o
                0x0000000008001610                HAL_Init
 .text.HAL_InitTick
                0x000000000800163c       0x60 ./Drivers/STM32F1xx_HAL_Driver/Src/stm32f1xx_hal.o
                0x000000000800163c                HAL_InitTick
 .text.HAL_IncTick
                0x000000000800169c       0x24 ./Drivers/STM32F1xx_HAL_Driver/Src/stm32f1xx_hal.o
                0x000000000800169c                HAL_IncTick
 .text.HAL_GetTick
                0x00000000080016c0       0x14 ./Drivers/STM32F1xx_HAL_Driver/Src/stm32f1xx_hal.o
                0x00000000080016c0                HAL_GetTick
 .text.__NVIC_SetPriorityGrouping
                0x00000000080016d4       0x48 ./Drivers/STM32F1xx_HAL_Driver/Src/stm32f1xx_hal_cortex.o
 .text.__NVIC_GetPriorityGrouping
                0x000000000800171c       0x1c ./Drivers/STM32F1xx_HAL_Driver/Src/stm32f1xx_hal_cortex.o
 .text.__NVIC_EnableIRQ
                0x0000000008001738       0x38 ./Drivers/STM32F1xx_HAL_Driver/Src/stm32f1xx_hal_cortex.o
 .text.__NVIC_SetPriority
                0x0000000008001770       0x54 ./Drivers/STM32F1xx_HAL_Driver/Src/stm32f1xx_hal_cortex.o
 .text.NVIC_EncodePriority
                0x00000000080017c4       0x64 ./Drivers/STM32F1xx_HAL_Driver/Src/stm32f1xx_hal_cortex.o
 .text.SysTick_Config
                0x0000000008001828       0x44 ./Drivers/STM32F1xx_HAL_Driver/Src/stm32f1xx_hal_cortex.o
 .text.HAL_NVIC_SetPriorityGrouping
                0x000000000800186c       0x16 ./Drivers/STM32F1xx_HAL_Driver/Src/stm32f1xx_hal_cortex.o
                0x000000000800186c                HAL_NVIC_SetPriorityGrouping
 .text.HAL_NVIC_SetPriority
                0x0000000008001882       0x38 ./Drivers/STM32F1xx_HAL_Driver/Src/stm32f1xx_hal_cortex.o
                0x0000000008001882                HAL_NVIC_SetPriority
 .text.HAL_NVIC_EnableIRQ
                0x00000000080018ba       0x1c ./Drivers/STM32F1xx_HAL_Driver/Src/stm32f1xx_hal_cortex.o
                0x00000000080018ba                HAL_NVIC_EnableIRQ
 .text.HAL_SYSTICK_Config
                0x00000000080018d6       0x18 ./Drivers/STM32F1xx_HAL_Driver/Src/stm32f1xx_hal_cortex.o
                0x00000000080018d6                HAL_SYSTICK_Config
 .text.HAL_DMA_Abort
                0x00000000080018ee       0x74 ./Drivers/STM32F1xx_HAL_Driver/Src/stm32f1xx_hal_dma.o
                0x00000000080018ee                HAL_DMA_Abort
 *fill*         0x0000000008001962        0x2 
 .text.HAL_DMA_Abort_IT
                0x0000000008001964       0xec ./Drivers/STM32F1xx_HAL_Driver/Src/stm32f1xx_hal_dma.o
                0x0000000008001964                HAL_DMA_Abort_IT
 .text.HAL_GPIO_Init
                0x0000000008001a50      0x308 ./Drivers/STM32F1xx_HAL_Driver/Src/stm32f1xx_hal_gpio.o
                0x0000000008001a50                HAL_GPIO_Init
 .text.HAL_GPIO_ReadPin
                0x0000000008001d58       0x2e ./Drivers/STM32F1xx_HAL_Driver/Src/stm32f1xx_hal_gpio.o
                0x0000000008001d58                HAL_GPIO_ReadPin
 .text.HAL_GPIO_WritePin
                0x0000000008001d86       0x30 ./Drivers/STM32F1xx_HAL_Driver/Src/stm32f1xx_hal_gpio.o
                0x0000000008001d86                HAL_GPIO_WritePin
 *fill*         0x0000000008001db6        0x2 
 .text.HAL_GPIO_EXTI_IRQHandler
                0x0000000008001db8       0x30 ./Drivers/STM32F1xx_HAL_Driver/Src/stm32f1xx_hal_gpio.o
                0x0000000008001db8                HAL_GPIO_EXTI_IRQHandler
 .text.HAL_GPIO_EXTI_Callback
                0x0000000008001de8       0x14 ./Drivers/STM32F1xx_HAL_Driver/Src/stm32f1xx_hal_gpio.o
                0x0000000008001de8                HAL_GPIO_EXTI_Callback
 .text.HAL_RCC_OscConfig
                0x0000000008001dfc      0x500 ./Drivers/STM32F1xx_HAL_Driver/Src/stm32f1xx_hal_rcc.o
                0x0000000008001dfc                HAL_RCC_OscConfig
 .text.HAL_RCC_ClockConfig
                0x00000000080022fc      0x1d4 ./Drivers/STM32F1xx_HAL_Driver/Src/stm32f1xx_hal_rcc.o
                0x00000000080022fc                HAL_RCC_ClockConfig
 .text.HAL_RCC_GetSysClockFreq
                0x00000000080024d0       0xc0 ./Drivers/STM32F1xx_HAL_Driver/Src/stm32f1xx_hal_rcc.o
                0x00000000080024d0                HAL_RCC_GetSysClockFreq
 .text.HAL_RCC_GetHCLKFreq
                0x0000000008002590       0x14 ./Drivers/STM32F1xx_HAL_Driver/Src/stm32f1xx_hal_rcc.o
                0x0000000008002590                HAL_RCC_GetHCLKFreq
 .text.HAL_RCC_GetPCLK1Freq
                0x00000000080025a4       0x28 ./Drivers/STM32F1xx_HAL_Driver/Src/stm32f1xx_hal_rcc.o
                0x00000000080025a4                HAL_RCC_GetPCLK1Freq
 .text.HAL_RCC_GetPCLK2Freq
                0x00000000080025cc       0x28 ./Drivers/STM32F1xx_HAL_Driver/Src/stm32f1xx_hal_rcc.o
                0x00000000080025cc                HAL_RCC_GetPCLK2Freq
 .text.RCC_Delay
                0x00000000080025f4       0x3c ./Drivers/STM32F1xx_HAL_Driver/Src/stm32f1xx_hal_rcc.o
 .text.HAL_TIM_Base_Init
                0x0000000008002630       0x9e ./Drivers/STM32F1xx_HAL_Driver/Src/stm32f1xx_hal_tim.o
                0x0000000008002630                HAL_TIM_Base_Init
 *fill*         0x00000000080026ce        0x2 
 .text.HAL_TIM_Base_Start_IT
                0x00000000080026d0       0xa4 ./Drivers/STM32F1xx_HAL_Driver/Src/stm32f1xx_hal_tim.o
                0x00000000080026d0                HAL_TIM_Base_Start_IT
 .text.HAL_TIM_PWM_Init
                0x0000000008002774       0x9e ./Drivers/STM32F1xx_HAL_Driver/Src/stm32f1xx_hal_tim.o
                0x0000000008002774                HAL_TIM_PWM_Init
 .text.HAL_TIM_PWM_MspInit
                0x0000000008002812       0x12 ./Drivers/STM32F1xx_HAL_Driver/Src/stm32f1xx_hal_tim.o
                0x0000000008002812                HAL_TIM_PWM_MspInit
 .text.HAL_TIM_PWM_Start
                0x0000000008002824      0x144 ./Drivers/STM32F1xx_HAL_Driver/Src/stm32f1xx_hal_tim.o
                0x0000000008002824                HAL_TIM_PWM_Start
 .text.HAL_TIM_IRQHandler
                0x0000000008002968      0x210 ./Drivers/STM32F1xx_HAL_Driver/Src/stm32f1xx_hal_tim.o
                0x0000000008002968                HAL_TIM_IRQHandler
 .text.HAL_TIM_PWM_ConfigChannel
                0x0000000008002b78      0x17c ./Drivers/STM32F1xx_HAL_Driver/Src/stm32f1xx_hal_tim.o
                0x0000000008002b78                HAL_TIM_PWM_ConfigChannel
 .text.HAL_TIM_ConfigClockSource
                0x0000000008002cf4      0x188 ./Drivers/STM32F1xx_HAL_Driver/Src/stm32f1xx_hal_tim.o
                0x0000000008002cf4                HAL_TIM_ConfigClockSource
 .text.HAL_TIM_OC_DelayElapsedCallback
                0x0000000008002e7c       0x12 ./Drivers/STM32F1xx_HAL_Driver/Src/stm32f1xx_hal_tim.o
                0x0000000008002e7c                HAL_TIM_OC_DelayElapsedCallback
 .text.HAL_TIM_IC_CaptureCallback
                0x0000000008002e8e       0x12 ./Drivers/STM32F1xx_HAL_Driver/Src/stm32f1xx_hal_tim.o
                0x0000000008002e8e                HAL_TIM_IC_CaptureCallback
 .text.HAL_TIM_PWM_PulseFinishedCallback
                0x0000000008002ea0       0x12 ./Drivers/STM32F1xx_HAL_Driver/Src/stm32f1xx_hal_tim.o
                0x0000000008002ea0                HAL_TIM_PWM_PulseFinishedCallback
 .text.HAL_TIM_TriggerCallback
                0x0000000008002eb2       0x12 ./Drivers/STM32F1xx_HAL_Driver/Src/stm32f1xx_hal_tim.o
                0x0000000008002eb2                HAL_TIM_TriggerCallback
 .text.TIM_Base_SetConfig
                0x0000000008002ec4       0xc4 ./Drivers/STM32F1xx_HAL_Driver/Src/stm32f1xx_hal_tim.o
                0x0000000008002ec4                TIM_Base_SetConfig
 .text.TIM_OC1_SetConfig
                0x0000000008002f88       0xcc ./Drivers/STM32F1xx_HAL_Driver/Src/stm32f1xx_hal_tim.o
 .text.TIM_OC2_SetConfig
                0x0000000008003054       0xd4 ./Drivers/STM32F1xx_HAL_Driver/Src/stm32f1xx_hal_tim.o
                0x0000000008003054                TIM_OC2_SetConfig
 .text.TIM_OC3_SetConfig
                0x0000000008003128       0xd4 ./Drivers/STM32F1xx_HAL_Driver/Src/stm32f1xx_hal_tim.o
 .text.TIM_OC4_SetConfig
                0x00000000080031fc       0x9c ./Drivers/STM32F1xx_HAL_Driver/Src/stm32f1xx_hal_tim.o
 .text.TIM_TI1_ConfigInputStage
                0x0000000008003298       0x5c ./Drivers/STM32F1xx_HAL_Driver/Src/stm32f1xx_hal_tim.o
 .text.TIM_TI2_ConfigInputStage
                0x00000000080032f4       0x5e ./Drivers/STM32F1xx_HAL_Driver/Src/stm32f1xx_hal_tim.o
 .text.TIM_ITRx_SetConfig
                0x0000000008003352       0x34 ./Drivers/STM32F1xx_HAL_Driver/Src/stm32f1xx_hal_tim.o
 .text.TIM_ETR_SetConfig
                0x0000000008003386       0x3e ./Drivers/STM32F1xx_HAL_Driver/Src/stm32f1xx_hal_tim.o
                0x0000000008003386                TIM_ETR_SetConfig
 .text.TIM_CCxChannelCmd
                0x00000000080033c4       0x48 ./Drivers/STM32F1xx_HAL_Driver/Src/stm32f1xx_hal_tim.o
                0x00000000080033c4                TIM_CCxChannelCmd
 .text.HAL_TIMEx_MasterConfigSynchronization
                0x000000000800340c       0xbc ./Drivers/STM32F1xx_HAL_Driver/Src/stm32f1xx_hal_tim_ex.o
                0x000000000800340c                HAL_TIMEx_MasterConfigSynchronization
 .text.HAL_TIMEx_CommutCallback
                0x00000000080034c8       0x12 ./Drivers/STM32F1xx_HAL_Driver/Src/stm32f1xx_hal_tim_ex.o
                0x00000000080034c8                HAL_TIMEx_CommutCallback
 .text.HAL_TIMEx_BreakCallback
                0x00000000080034da       0x12 ./Drivers/STM32F1xx_HAL_Driver/Src/stm32f1xx_hal_tim_ex.o
                0x00000000080034da                HAL_TIMEx_BreakCallback
 .text.HAL_UART_Init
                0x00000000080034ec       0x9a ./Drivers/STM32F1xx_HAL_Driver/Src/stm32f1xx_hal_uart.o
                0x00000000080034ec                HAL_UART_Init
 *fill*         0x0000000008003586        0x2 
 .text.HAL_UART_IRQHandler
                0x0000000008003588      0x354 ./Drivers/STM32F1xx_HAL_Driver/Src/stm32f1xx_hal_uart.o
                0x0000000008003588                HAL_UART_IRQHandler
 .text.HAL_UART_TxCpltCallback
                0x00000000080038dc       0x12 ./Drivers/STM32F1xx_HAL_Driver/Src/stm32f1xx_hal_uart.o
                0x00000000080038dc                HAL_UART_TxCpltCallback
 .text.HAL_UART_RxCpltCallback
                0x00000000080038ee       0x12 ./Drivers/STM32F1xx_HAL_Driver/Src/stm32f1xx_hal_uart.o
                0x00000000080038ee                HAL_UART_RxCpltCallback
 .text.HAL_UART_ErrorCallback
                0x0000000008003900       0x12 ./Drivers/STM32F1xx_HAL_Driver/Src/stm32f1xx_hal_uart.o
                0x0000000008003900                HAL_UART_ErrorCallback
 .text.HAL_UARTEx_RxEventCallback
                0x0000000008003912       0x16 ./Drivers/STM32F1xx_HAL_Driver/Src/stm32f1xx_hal_uart.o
                0x0000000008003912                HAL_UARTEx_RxEventCallback
 .text.UART_EndRxTransfer
                0x0000000008003928       0x58 ./Drivers/STM32F1xx_HAL_Driver/Src/stm32f1xx_hal_uart.o
 .text.UART_DMAAbortOnError
                0x0000000008003980       0x28 ./Drivers/STM32F1xx_HAL_Driver/Src/stm32f1xx_hal_uart.o
 .text.UART_Transmit_IT
                0x00000000080039a8       0x9e ./Drivers/STM32F1xx_HAL_Driver/Src/stm32f1xx_hal_uart.o
 .text.UART_EndTransmit_IT
                0x0000000008003a46       0x30 ./Drivers/STM32F1xx_HAL_Driver/Src/stm32f1xx_hal_uart.o
 .text.UART_Receive_IT
                0x0000000008003a76      0x152 ./Drivers/STM32F1xx_HAL_Driver/Src/stm32f1xx_hal_uart.o
 .text.UART_SetConfig
                0x0000000008003bc8      0x11c ./Drivers/STM32F1xx_HAL_Driver/Src/stm32f1xx_hal_uart.o
 .text.__libc_init_array
                0x0000000008003ce4       0x48 c:/st/stm32cubeide_1.7.0/stm32cubeide/plugins/com.st.stm32cube.ide.mcu.externaltools.gnu-tools-for-stm32.9-2020-q2-update.win32_2.0.0.202105311346/tools/bin/../lib/gcc/arm-none-eabi/9.3.1/../../../../arm-none-eabi/lib/thumb/v7-m/nofp\libc_nano.a(lib_a-init.o)
                0x0000000008003ce4                __libc_init_array
 .text.memset   0x0000000008003d2c       0x10 c:/st/stm32cubeide_1.7.0/stm32cubeide/plugins/com.st.stm32cube.ide.mcu.externaltools.gnu-tools-for-stm32.9-2020-q2-update.win32_2.0.0.202105311346/tools/bin/../lib/gcc/arm-none-eabi/9.3.1/../../../../arm-none-eabi/lib/thumb/v7-m/nofp\libc_nano.a(lib_a-memset.o)
                0x0000000008003d2c                memset
 *(.glue_7)
 .glue_7        0x0000000008003d3c        0x0 linker stubs
 *(.glue_7t)
 .glue_7t       0x0000000008003d3c        0x0 linker stubs
 *(.eh_frame)
 .eh_frame      0x0000000008003d3c        0x0 c:/st/stm32cubeide_1.7.0/stm32cubeide/plugins/com.st.stm32cube.ide.mcu.externaltools.gnu-tools-for-stm32.9-2020-q2-update.win32_2.0.0.202105311346/tools/bin/../lib/gcc/arm-none-eabi/9.3.1/thumb/v7-m/nofp/crtbegin.o
 *(.init)
 .init          0x0000000008003d3c        0x4 c:/st/stm32cubeide_1.7.0/stm32cubeide/plugins/com.st.stm32cube.ide.mcu.externaltools.gnu-tools-for-stm32.9-2020-q2-update.win32_2.0.0.202105311346/tools/bin/../lib/gcc/arm-none-eabi/9.3.1/thumb/v7-m/nofp/crti.o
                0x0000000008003d3c                _init
 .init          0x0000000008003d40        0x8 c:/st/stm32cubeide_1.7.0/stm32cubeide/plugins/com.st.stm32cube.ide.mcu.externaltools.gnu-tools-for-stm32.9-2020-q2-update.win32_2.0.0.202105311346/tools/bin/../lib/gcc/arm-none-eabi/9.3.1/thumb/v7-m/nofp/crtn.o
 *(.fini)
 .fini          0x0000000008003d48        0x4 c:/st/stm32cubeide_1.7.0/stm32cubeide/plugins/com.st.stm32cube.ide.mcu.externaltools.gnu-tools-for-stm32.9-2020-q2-update.win32_2.0.0.202105311346/tools/bin/../lib/gcc/arm-none-eabi/9.3.1/thumb/v7-m/nofp/crti.o
                0x0000000008003d48                _fini
 .fini          0x0000000008003d4c        0x8 c:/st/stm32cubeide_1.7.0/stm32cubeide/plugins/com.st.stm32cube.ide.mcu.externaltools.gnu-tools-for-stm32.9-2020-q2-update.win32_2.0.0.202105311346/tools/bin/../lib/gcc/arm-none-eabi/9.3.1/thumb/v7-m/nofp/crtn.o
                0x0000000008003d54                . = ALIGN (0x4)
                0x0000000008003d54                _etext = .

.vfp11_veneer   0x0000000008003d54        0x0
 .vfp11_veneer  0x0000000008003d54        0x0 linker stubs

.v4_bx          0x0000000008003d54        0x0
 .v4_bx         0x0000000008003d54        0x0 linker stubs

.iplt           0x0000000008003d54        0x0
 .iplt          0x0000000008003d54        0x0 c:/st/stm32cubeide_1.7.0/stm32cubeide/plugins/com.st.stm32cube.ide.mcu.externaltools.gnu-tools-for-stm32.9-2020-q2-update.win32_2.0.0.202105311346/tools/bin/../lib/gcc/arm-none-eabi/9.3.1/thumb/v7-m/nofp/crtbegin.o

.rodata         0x0000000008003d54       0x28
                0x0000000008003d54                . = ALIGN (0x4)
 *(.rodata)
 .rodata        0x0000000008003d54       0x10 ./Drivers/STM32F1xx_HAL_Driver/Src/stm32f1xx_hal_rcc.o
 *(.rodata*)
 .rodata.AHBPrescTable
                0x0000000008003d64       0x10 ./Core/Src/system_stm32f1xx.o
                0x0000000008003d64                AHBPrescTable
 .rodata.APBPrescTable
                0x0000000008003d74        0x8 ./Core/Src/system_stm32f1xx.o
                0x0000000008003d74                APBPrescTable
                0x0000000008003d7c                . = ALIGN (0x4)

.rel.dyn        0x0000000008003d7c        0x0
 .rel.iplt      0x0000000008003d7c        0x0 c:/st/stm32cubeide_1.7.0/stm32cubeide/plugins/com.st.stm32cube.ide.mcu.externaltools.gnu-tools-for-stm32.9-2020-q2-update.win32_2.0.0.202105311346/tools/bin/../lib/gcc/arm-none-eabi/9.3.1/thumb/v7-m/nofp/crtbegin.o

.ARM.extab      0x0000000008003d7c        0x0
                0x0000000008003d7c                . = ALIGN (0x4)
 *(.ARM.extab* .gnu.linkonce.armextab.*)
                0x0000000008003d7c                . = ALIGN (0x4)

.ARM            0x0000000008003d7c        0x0
                0x0000000008003d7c                . = ALIGN (0x4)
                0x0000000008003d7c                __exidx_start = .
 *(.ARM.exidx*)
                0x0000000008003d7c                __exidx_end = .
                0x0000000008003d7c                . = ALIGN (0x4)

.preinit_array  0x0000000008003d7c        0x0
                0x0000000008003d7c                . = ALIGN (0x4)
                0x0000000008003d7c                PROVIDE (__preinit_array_start = .)
 *(.preinit_array*)
                0x0000000008003d7c                PROVIDE (__preinit_array_end = .)
                0x0000000008003d7c                . = ALIGN (0x4)

.init_array     0x0000000008003d7c        0x4
                0x0000000008003d7c                . = ALIGN (0x4)
                0x0000000008003d7c                PROVIDE (__init_array_start = .)
 *(SORT_BY_NAME(.init_array.*))
 *(.init_array*)
 .init_array    0x0000000008003d7c        0x4 c:/st/stm32cubeide_1.7.0/stm32cubeide/plugins/com.st.stm32cube.ide.mcu.externaltools.gnu-tools-for-stm32.9-2020-q2-update.win32_2.0.0.202105311346/tools/bin/../lib/gcc/arm-none-eabi/9.3.1/thumb/v7-m/nofp/crtbegin.o
                0x0000000008003d80                PROVIDE (__init_array_end = .)
                0x0000000008003d80                . = ALIGN (0x4)

.fini_array     0x0000000008003d80        0x4
                0x0000000008003d80                . = ALIGN (0x4)
                [!provide]                        PROVIDE (__fini_array_start = .)
 *(SORT_BY_NAME(.fini_array.*))
 *(.fini_array*)
 .fini_array    0x0000000008003d80        0x4 c:/st/stm32cubeide_1.7.0/stm32cubeide/plugins/com.st.stm32cube.ide.mcu.externaltools.gnu-tools-for-stm32.9-2020-q2-update.win32_2.0.0.202105311346/tools/bin/../lib/gcc/arm-none-eabi/9.3.1/thumb/v7-m/nofp/crtbegin.o
                [!provide]                        PROVIDE (__fini_array_end = .)
                0x0000000008003d84                . = ALIGN (0x4)
                0x0000000008003d84                _sidata = LOADADDR (.data)

.data           0x0000000020000000       0x30 load address 0x0000000008003d84
                0x0000000020000000                . = ALIGN (0x4)
                0x0000000020000000                _sdata = .
 *(.data)
 *(.data*)
 .data.ver_ped  0x0000000020000000        0x4 ./Core/Src/fsm_pedestrian_mode.o
                0x0000000020000000                ver_ped
 .data.hor_ped  0x0000000020000004        0x4 ./Core/Src/fsm_pedestrian_mode.o
                0x0000000020000004                hor_ped
 .data.buzzer_time
                0x0000000020000008        0x4 ./Core/Src/fsm_pedestrian_mode.o
                0x0000000020000008                buzzer_time
 .data.pul      0x000000002000000c        0x4 ./Core/Src/fsm_pedestrian_mode.o
                0x000000002000000c                pul
 .data.timer_cycle
                0x0000000020000010        0x4 ./Core/Src/global.o
                0x0000000020000010                timer_cycle
 .data.timer_for_key_pressed
                0x0000000020000014        0x4 ./Core/Src/global.o
                0x0000000020000014                timer_for_key_pressed
 .data.RED_time
                0x0000000020000018        0x4 ./Core/Src/global.o
                0x0000000020000018                RED_time
 .data.GREEN_time
                0x000000002000001c        0x4 ./Core/Src/global.o
                0x000000002000001c                GREEN_time
 .data.YELLOW_time
                0x0000000020000020        0x4 ./Core/Src/global.o
                0x0000000020000020                YELLOW_time
 .data.SystemCoreClock
                0x0000000020000024        0x4 ./Core/Src/system_stm32f1xx.o
                0x0000000020000024                SystemCoreClock
 .data.uwTickPrio
                0x0000000020000028        0x4 ./Drivers/STM32F1xx_HAL_Driver/Src/stm32f1xx_hal.o
                0x0000000020000028                uwTickPrio
 .data.uwTickFreq
                0x000000002000002c        0x1 ./Drivers/STM32F1xx_HAL_Driver/Src/stm32f1xx_hal.o
                0x000000002000002c                uwTickFreq
 *(.RamFunc)
 *(.RamFunc*)
                0x0000000020000030                . = ALIGN (0x4)
 *fill*         0x000000002000002d        0x3 
                0x0000000020000030                _edata = .

.igot.plt       0x0000000020000030        0x0 load address 0x0000000008003db4
 .igot.plt      0x0000000020000030        0x0 c:/st/stm32cubeide_1.7.0/stm32cubeide/plugins/com.st.stm32cube.ide.mcu.externaltools.gnu-tools-for-stm32.9-2020-q2-update.win32_2.0.0.202105311346/tools/bin/../lib/gcc/arm-none-eabi/9.3.1/thumb/v7-m/nofp/crtbegin.o
                0x0000000020000030                . = ALIGN (0x4)

.bss            0x0000000020000030      0x14c load address 0x0000000008003db4
                0x0000000020000030                _sbss = .
                0x0000000020000030                __bss_start__ = _sbss
 *(.bss)
 .bss           0x0000000020000030       0x1c c:/st/stm32cubeide_1.7.0/stm32cubeide/plugins/com.st.stm32cube.ide.mcu.externaltools.gnu-tools-for-stm32.9-2020-q2-update.win32_2.0.0.202105311346/tools/bin/../lib/gcc/arm-none-eabi/9.3.1/thumb/v7-m/nofp/crtbegin.o
 *(.bss*)
 .bss.horizontal_status
                0x000000002000004c        0x4 ./Core/Src/LEDs_display.o
                0x000000002000004c                horizontal_status
 .bss.vertical_status
                0x0000000020000050        0x4 ./Core/Src/LEDs_display.o
                0x0000000020000050                vertical_status
 .bss.state     0x0000000020000054        0x4 ./Core/Src/fsm_pedestrian_mode.o
                0x0000000020000054                state
 .bss.time_count
                0x0000000020000058        0x4 ./Core/Src/fsm_tuning_mode.o
                0x0000000020000058                time_count
 .bss.mode      0x000000002000005c        0x4 ./Core/Src/global.o
                0x000000002000005c                mode
 *(COMMON)
 COMMON         0x0000000020000060       0x40 ./Core/Src/button.o
                0x0000000020000060                counter_for_key_pressed
                0x0000000020000070                key_reg
                0x0000000020000080                button_flag
                0x0000000020000090                button_long_flag
 COMMON         0x00000000200000a0       0x48 ./Core/Src/fsm_pedestrian_mode.o
                0x00000000200000a0                htim3
 COMMON         0x00000000200000e8       0x18 ./Core/Src/timer.o
                0x00000000200000e8                timer_counter
                0x00000000200000f4                timer_flag
 COMMON         0x0000000020000100       0x76 ./Core/Src/uart.o
                0x0000000020000100                huart2
                0x0000000020000144                str
 *fill*         0x0000000020000176        0x2 
 COMMON         0x0000000020000178        0x4 ./Drivers/STM32F1xx_HAL_Driver/Src/stm32f1xx_hal.o
                0x0000000020000178                uwTick
                0x000000002000017c                . = ALIGN (0x4)
                0x000000002000017c                _ebss = .
                0x000000002000017c                __bss_end__ = _ebss

._user_heap_stack
                0x000000002000017c      0x604 load address 0x0000000008003db4
                0x0000000020000180                . = ALIGN (0x8)
 *fill*         0x000000002000017c        0x4 
                [!provide]                        PROVIDE (end = .)
                0x0000000020000180                PROVIDE (_end = .)
                0x0000000020000380                . = (. + _Min_Heap_Size)
 *fill*         0x0000000020000180      0x200 
                0x0000000020000780                . = (. + _Min_Stack_Size)
 *fill*         0x0000000020000380      0x400 
                0x0000000020000780                . = ALIGN (0x8)

/DISCARD/
 libc.a(*)
 libm.a(*)
 libgcc.a(*)

.ARM.attributes
                0x0000000000000000       0x29
 *(.ARM.attributes)
 .ARM.attributes
                0x0000000000000000       0x1d c:/st/stm32cubeide_1.7.0/stm32cubeide/plugins/com.st.stm32cube.ide.mcu.externaltools.gnu-tools-for-stm32.9-2020-q2-update.win32_2.0.0.202105311346/tools/bin/../lib/gcc/arm-none-eabi/9.3.1/thumb/v7-m/nofp/crti.o
 .ARM.attributes
                0x000000000000001d       0x2d c:/st/stm32cubeide_1.7.0/stm32cubeide/plugins/com.st.stm32cube.ide.mcu.externaltools.gnu-tools-for-stm32.9-2020-q2-update.win32_2.0.0.202105311346/tools/bin/../lib/gcc/arm-none-eabi/9.3.1/thumb/v7-m/nofp/crtbegin.o
 .ARM.attributes
                0x000000000000004a       0x2d ./Core/Src/LEDs_display.o
 .ARM.attributes
                0x0000000000000077       0x2d ./Core/Src/button.o
 .ARM.attributes
                0x00000000000000a4       0x2d ./Core/Src/fsm_auto_mode.o
 .ARM.attributes
                0x00000000000000d1       0x2d ./Core/Src/fsm_manual_mode.o
 .ARM.attributes
                0x00000000000000fe       0x2d ./Core/Src/fsm_pedestrian_mode.o
 .ARM.attributes
                0x000000000000012b       0x2d ./Core/Src/fsm_tuning_mode.o
 .ARM.attributes
                0x0000000000000158       0x33 ./Core/Src/global.o
 .ARM.attributes
                0x000000000000018b       0x2d ./Core/Src/main.o
 .ARM.attributes
                0x00000000000001b8       0x2d ./Core/Src/stm32f1xx_hal_msp.o
 .ARM.attributes
                0x00000000000001e5       0x2d ./Core/Src/stm32f1xx_it.o
 .ARM.attributes
                0x0000000000000212       0x2d ./Core/Src/system_stm32f1xx.o
 .ARM.attributes
                0x000000000000023f       0x2d ./Core/Src/timer.o
 .ARM.attributes
                0x000000000000026c       0x2d ./Core/Src/uart.o
 .ARM.attributes
                0x0000000000000299       0x21 ./Core/Startup/startup_stm32f103rbtx.o
 .ARM.attributes
                0x00000000000002ba       0x2d ./Drivers/STM32F1xx_HAL_Driver/Src/stm32f1xx_hal.o
 .ARM.attributes
                0x00000000000002e7       0x2d ./Drivers/STM32F1xx_HAL_Driver/Src/stm32f1xx_hal_cortex.o
 .ARM.attributes
                0x0000000000000314       0x2d ./Drivers/STM32F1xx_HAL_Driver/Src/stm32f1xx_hal_dma.o
 .ARM.attributes
                0x0000000000000341       0x2d ./Drivers/STM32F1xx_HAL_Driver/Src/stm32f1xx_hal_gpio.o
 .ARM.attributes
                0x000000000000036e       0x2d ./Drivers/STM32F1xx_HAL_Driver/Src/stm32f1xx_hal_rcc.o
 .ARM.attributes
                0x000000000000039b       0x2d ./Drivers/STM32F1xx_HAL_Driver/Src/stm32f1xx_hal_tim.o
 .ARM.attributes
                0x00000000000003c8       0x2d ./Drivers/STM32F1xx_HAL_Driver/Src/stm32f1xx_hal_tim_ex.o
 .ARM.attributes
                0x00000000000003f5       0x2d ./Drivers/STM32F1xx_HAL_Driver/Src/stm32f1xx_hal_uart.o
 .ARM.attributes
                0x0000000000000422       0x2d c:/st/stm32cubeide_1.7.0/stm32cubeide/plugins/com.st.stm32cube.ide.mcu.externaltools.gnu-tools-for-stm32.9-2020-q2-update.win32_2.0.0.202105311346/tools/bin/../lib/gcc/arm-none-eabi/9.3.1/../../../../arm-none-eabi/lib/thumb/v7-m/nofp\libc_nano.a(lib_a-init.o)
 .ARM.attributes
                0x000000000000044f       0x2d c:/st/stm32cubeide_1.7.0/stm32cubeide/plugins/com.st.stm32cube.ide.mcu.externaltools.gnu-tools-for-stm32.9-2020-q2-update.win32_2.0.0.202105311346/tools/bin/../lib/gcc/arm-none-eabi/9.3.1/../../../../arm-none-eabi/lib/thumb/v7-m/nofp\libc_nano.a(lib_a-memset.o)
 .ARM.attributes
                0x000000000000047c       0x1d c:/st/stm32cubeide_1.7.0/stm32cubeide/plugins/com.st.stm32cube.ide.mcu.externaltools.gnu-tools-for-stm32.9-2020-q2-update.win32_2.0.0.202105311346/tools/bin/../lib/gcc/arm-none-eabi/9.3.1/thumb/v7-m/nofp/crtn.o
OUTPUT(STM32_BTL.elf elf32-littlearm)
LOAD linker stubs
LOAD c:/st/stm32cubeide_1.7.0/stm32cubeide/plugins/com.st.stm32cube.ide.mcu.externaltools.gnu-tools-for-stm32.9-2020-q2-update.win32_2.0.0.202105311346/tools/bin/../lib/gcc/arm-none-eabi/9.3.1/../../../../arm-none-eabi/lib/thumb/v7-m/nofp\libc.a
LOAD c:/st/stm32cubeide_1.7.0/stm32cubeide/plugins/com.st.stm32cube.ide.mcu.externaltools.gnu-tools-for-stm32.9-2020-q2-update.win32_2.0.0.202105311346/tools/bin/../lib/gcc/arm-none-eabi/9.3.1/../../../../arm-none-eabi/lib/thumb/v7-m/nofp\libm.a
LOAD c:/st/stm32cubeide_1.7.0/stm32cubeide/plugins/com.st.stm32cube.ide.mcu.externaltools.gnu-tools-for-stm32.9-2020-q2-update.win32_2.0.0.202105311346/tools/bin/../lib/gcc/arm-none-eabi/9.3.1/thumb/v7-m/nofp\libgcc.a

.debug_info     0x0000000000000000    0x160dd
 .debug_info    0x0000000000000000     0x134f ./Core/Src/LEDs_display.o
 .debug_info    0x000000000000134f     0x148f ./Core/Src/button.o
 .debug_info    0x00000000000027de     0x127a ./Core/Src/fsm_auto_mode.o
 .debug_info    0x0000000000003a58     0x130f ./Core/Src/fsm_manual_mode.o
 .debug_info    0x0000000000004d67     0x139b ./Core/Src/fsm_pedestrian_mode.o
 .debug_info    0x0000000000006102     0x1288 ./Core/Src/fsm_tuning_mode.o
 .debug_info    0x000000000000738a     0x12b4 ./Core/Src/global.o
 .debug_info    0x000000000000863e     0x18f5 ./Core/Src/main.o
 .debug_info    0x0000000000009f33      0xe1b ./Core/Src/stm32f1xx_hal_msp.o
 .debug_info    0x000000000000ad4e      0xa34 ./Core/Src/stm32f1xx_it.o
 .debug_info    0x000000000000b782      0x2be ./Core/Src/system_stm32f1xx.o
 .debug_info    0x000000000000ba40     0x1351 ./Core/Src/timer.o
 .debug_info    0x000000000000cd91     0x1303 ./Core/Src/uart.o
 .debug_info    0x000000000000e094       0x22 ./Core/Startup/startup_stm32f103rbtx.o
 .debug_info    0x000000000000e0b6      0x76a ./Drivers/STM32F1xx_HAL_Driver/Src/stm32f1xx_hal.o
 .debug_info    0x000000000000e820      0xbdc ./Drivers/STM32F1xx_HAL_Driver/Src/stm32f1xx_hal_cortex.o
 .debug_info    0x000000000000f3fc      0x81e ./Drivers/STM32F1xx_HAL_Driver/Src/stm32f1xx_hal_dma.o
 .debug_info    0x000000000000fc1a      0x701 ./Drivers/STM32F1xx_HAL_Driver/Src/stm32f1xx_hal_gpio.o
 .debug_info    0x000000000001031b      0x88e ./Drivers/STM32F1xx_HAL_Driver/Src/stm32f1xx_hal_rcc.o
 .debug_info    0x0000000000010ba9     0x2a45 ./Drivers/STM32F1xx_HAL_Driver/Src/stm32f1xx_hal_tim.o
 .debug_info    0x00000000000135ee     0x14d5 ./Drivers/STM32F1xx_HAL_Driver/Src/stm32f1xx_hal_tim_ex.o
 .debug_info    0x0000000000014ac3     0x161a ./Drivers/STM32F1xx_HAL_Driver/Src/stm32f1xx_hal_uart.o

.debug_abbrev   0x0000000000000000     0x2c91
 .debug_abbrev  0x0000000000000000      0x1e6 ./Core/Src/LEDs_display.o
 .debug_abbrev  0x00000000000001e6      0x26d ./Core/Src/button.o
 .debug_abbrev  0x0000000000000453      0x1d7 ./Core/Src/fsm_auto_mode.o
 .debug_abbrev  0x000000000000062a      0x1d7 ./Core/Src/fsm_manual_mode.o
 .debug_abbrev  0x0000000000000801      0x20c ./Core/Src/fsm_pedestrian_mode.o
 .debug_abbrev  0x0000000000000a0d      0x1e6 ./Core/Src/fsm_tuning_mode.o
 .debug_abbrev  0x0000000000000bf3      0x1ca ./Core/Src/global.o
 .debug_abbrev  0x0000000000000dbd      0x2ed ./Core/Src/main.o
 .debug_abbrev  0x00000000000010aa      0x1c8 ./Core/Src/stm32f1xx_hal_msp.o
 .debug_abbrev  0x0000000000001272      0x176 ./Core/Src/stm32f1xx_it.o
 .debug_abbrev  0x00000000000013e8      0x14e ./Core/Src/system_stm32f1xx.o
 .debug_abbrev  0x0000000000001536      0x26d ./Core/Src/timer.o
 .debug_abbrev  0x00000000000017a3      0x20a ./Core/Src/uart.o
 .debug_abbrev  0x00000000000019ad       0x12 ./Core/Startup/startup_stm32f103rbtx.o
 .debug_abbrev  0x00000000000019bf      0x1ed ./Drivers/STM32F1xx_HAL_Driver/Src/stm32f1xx_hal.o
 .debug_abbrev  0x0000000000001bac      0x313 ./Drivers/STM32F1xx_HAL_Driver/Src/stm32f1xx_hal_cortex.o
 .debug_abbrev  0x0000000000001ebf      0x228 ./Drivers/STM32F1xx_HAL_Driver/Src/stm32f1xx_hal_dma.o
 .debug_abbrev  0x00000000000020e7      0x1e8 ./Drivers/STM32F1xx_HAL_Driver/Src/stm32f1xx_hal_gpio.o
 .debug_abbrev  0x00000000000022cf      0x273 ./Drivers/STM32F1xx_HAL_Driver/Src/stm32f1xx_hal_rcc.o
 .debug_abbrev  0x0000000000002542      0x25e ./Drivers/STM32F1xx_HAL_Driver/Src/stm32f1xx_hal_tim.o
 .debug_abbrev  0x00000000000027a0      0x266 ./Drivers/STM32F1xx_HAL_Driver/Src/stm32f1xx_hal_tim_ex.o
 .debug_abbrev  0x0000000000002a06      0x28b ./Drivers/STM32F1xx_HAL_Driver/Src/stm32f1xx_hal_uart.o

.debug_aranges  0x0000000000000000      0xd70
 .debug_aranges
                0x0000000000000000       0x30 ./Core/Src/LEDs_display.o
 .debug_aranges
                0x0000000000000030       0x50 ./Core/Src/button.o
 .debug_aranges
                0x0000000000000080       0x20 ./Core/Src/fsm_auto_mode.o
 .debug_aranges
                0x00000000000000a0       0x20 ./Core/Src/fsm_manual_mode.o
 .debug_aranges
                0x00000000000000c0       0x30 ./Core/Src/fsm_pedestrian_mode.o
 .debug_aranges
                0x00000000000000f0       0x20 ./Core/Src/fsm_tuning_mode.o
 .debug_aranges
                0x0000000000000110       0x18 ./Core/Src/global.o
 .debug_aranges
                0x0000000000000128       0x50 ./Core/Src/main.o
 .debug_aranges
                0x0000000000000178       0x48 ./Core/Src/stm32f1xx_hal_msp.o
 .debug_aranges
                0x00000000000001c0       0x78 ./Core/Src/stm32f1xx_it.o
 .debug_aranges
                0x0000000000000238       0x28 ./Core/Src/system_stm32f1xx.o
 .debug_aranges
                0x0000000000000260       0x38 ./Core/Src/timer.o
 .debug_aranges
                0x0000000000000298       0x30 ./Core/Src/uart.o
 .debug_aranges
                0x00000000000002c8       0x28 ./Core/Startup/startup_stm32f103rbtx.o
 .debug_aranges
                0x00000000000002f0       0xe0 ./Drivers/STM32F1xx_HAL_Driver/Src/stm32f1xx_hal.o
 .debug_aranges
                0x00000000000003d0      0x100 ./Drivers/STM32F1xx_HAL_Driver/Src/stm32f1xx_hal_cortex.o
 .debug_aranges
                0x00000000000004d0       0x80 ./Drivers/STM32F1xx_HAL_Driver/Src/stm32f1xx_hal_dma.o
 .debug_aranges
                0x0000000000000550       0x58 ./Drivers/STM32F1xx_HAL_Driver/Src/stm32f1xx_hal_gpio.o
 .debug_aranges
                0x00000000000005a8       0x90 ./Drivers/STM32F1xx_HAL_Driver/Src/stm32f1xx_hal_rcc.o
 .debug_aranges
                0x0000000000000638      0x3d0 ./Drivers/STM32F1xx_HAL_Driver/Src/stm32f1xx_hal_tim.o
 .debug_aranges
                0x0000000000000a08      0x168 ./Drivers/STM32F1xx_HAL_Driver/Src/stm32f1xx_hal_tim_ex.o
 .debug_aranges
                0x0000000000000b70      0x200 ./Drivers/STM32F1xx_HAL_Driver/Src/stm32f1xx_hal_uart.o

.debug_ranges   0x0000000000000000      0xc40
 .debug_ranges  0x0000000000000000       0x20 ./Core/Src/LEDs_display.o
 .debug_ranges  0x0000000000000020       0x40 ./Core/Src/button.o
 .debug_ranges  0x0000000000000060       0x10 ./Core/Src/fsm_auto_mode.o
 .debug_ranges  0x0000000000000070       0x10 ./Core/Src/fsm_manual_mode.o
 .debug_ranges  0x0000000000000080       0x20 ./Core/Src/fsm_pedestrian_mode.o
 .debug_ranges  0x00000000000000a0       0x10 ./Core/Src/fsm_tuning_mode.o
 .debug_ranges  0x00000000000000b0       0x40 ./Core/Src/main.o
 .debug_ranges  0x00000000000000f0       0x38 ./Core/Src/stm32f1xx_hal_msp.o
 .debug_ranges  0x0000000000000128       0x68 ./Core/Src/stm32f1xx_it.o
 .debug_ranges  0x0000000000000190       0x18 ./Core/Src/system_stm32f1xx.o
 .debug_ranges  0x00000000000001a8       0x28 ./Core/Src/timer.o
 .debug_ranges  0x00000000000001d0       0x20 ./Core/Src/uart.o
 .debug_ranges  0x00000000000001f0       0x20 ./Core/Startup/startup_stm32f103rbtx.o
 .debug_ranges  0x0000000000000210       0xd0 ./Drivers/STM32F1xx_HAL_Driver/Src/stm32f1xx_hal.o
 .debug_ranges  0x00000000000002e0       0xf0 ./Drivers/STM32F1xx_HAL_Driver/Src/stm32f1xx_hal_cortex.o
 .debug_ranges  0x00000000000003d0       0x70 ./Drivers/STM32F1xx_HAL_Driver/Src/stm32f1xx_hal_dma.o
 .debug_ranges  0x0000000000000440       0x48 ./Drivers/STM32F1xx_HAL_Driver/Src/stm32f1xx_hal_gpio.o
 .debug_ranges  0x0000000000000488       0x80 ./Drivers/STM32F1xx_HAL_Driver/Src/stm32f1xx_hal_rcc.o
 .debug_ranges  0x0000000000000508      0x3c0 ./Drivers/STM32F1xx_HAL_Driver/Src/stm32f1xx_hal_tim.o
 .debug_ranges  0x00000000000008c8      0x158 ./Drivers/STM32F1xx_HAL_Driver/Src/stm32f1xx_hal_tim_ex.o
 .debug_ranges  0x0000000000000a20      0x220 ./Drivers/STM32F1xx_HAL_Driver/Src/stm32f1xx_hal_uart.o

.debug_macro    0x0000000000000000    0x198e3
 .debug_macro   0x0000000000000000      0x378 ./Core/Src/LEDs_display.o
 .debug_macro   0x0000000000000378      0xa9c ./Core/Src/LEDs_display.o
 .debug_macro   0x0000000000000e14      0x21b ./Core/Src/LEDs_display.o
 .debug_macro   0x000000000000102f       0x2e ./Core/Src/LEDs_display.o
 .debug_macro   0x000000000000105d       0x22 ./Core/Src/LEDs_display.o
 .debug_macro   0x000000000000107f       0x22 ./Core/Src/LEDs_display.o
 .debug_macro   0x00000000000010a1       0x8e ./Core/Src/LEDs_display.o
 .debug_macro   0x000000000000112f       0x51 ./Core/Src/LEDs_display.o
 .debug_macro   0x0000000000001180      0x103 ./Core/Src/LEDs_display.o
 .debug_macro   0x0000000000001283       0x6a ./Core/Src/LEDs_display.o
 .debug_macro   0x00000000000012ed      0x1df ./Core/Src/LEDs_display.o
 .debug_macro   0x00000000000014cc       0x1c ./Core/Src/LEDs_display.o
 .debug_macro   0x00000000000014e8       0x22 ./Core/Src/LEDs_display.o
 .debug_macro   0x000000000000150a       0xc3 ./Core/Src/LEDs_display.o
 .debug_macro   0x00000000000015cd      0xd23 ./Core/Src/LEDs_display.o
 .debug_macro   0x00000000000022f0     0xe09e ./Core/Src/LEDs_display.o
 .debug_macro   0x000000000001038e       0x6d ./Core/Src/LEDs_display.o
 .debug_macro   0x00000000000103fb     0x3468 ./Core/Src/LEDs_display.o
 .debug_macro   0x0000000000013863      0x174 ./Core/Src/LEDs_display.o
 .debug_macro   0x00000000000139d7       0x5c ./Core/Src/LEDs_display.o
 .debug_macro   0x0000000000013a33      0x5be ./Core/Src/LEDs_display.o
 .debug_macro   0x0000000000013ff1      0x289 ./Core/Src/LEDs_display.o
 .debug_macro   0x000000000001427a      0x1cb ./Core/Src/LEDs_display.o
 .debug_macro   0x0000000000014445      0x114 ./Core/Src/LEDs_display.o
 .debug_macro   0x0000000000014559      0x1b2 ./Core/Src/LEDs_display.o
 .debug_macro   0x000000000001470b       0x27 ./Core/Src/LEDs_display.o
 .debug_macro   0x0000000000014732      0x136 ./Core/Src/LEDs_display.o
 .debug_macro   0x0000000000014868      0x1bc ./Core/Src/LEDs_display.o
 .debug_macro   0x0000000000014a24       0x34 ./Core/Src/LEDs_display.o
 .debug_macro   0x0000000000014a58       0x3c ./Core/Src/LEDs_display.o
 .debug_macro   0x0000000000014a94       0x57 ./Core/Src/LEDs_display.o
 .debug_macro   0x0000000000014aeb       0x88 ./Core/Src/LEDs_display.o
 .debug_macro   0x0000000000014b73      0x241 ./Core/Src/LEDs_display.o
 .debug_macro   0x0000000000014db4      0x141 ./Core/Src/LEDs_display.o
 .debug_macro   0x0000000000014ef5      0x8d1 ./Core/Src/LEDs_display.o
 .debug_macro   0x00000000000157c6      0x279 ./Core/Src/LEDs_display.o
 .debug_macro   0x0000000000015a3f       0x83 ./Core/Src/LEDs_display.o
 .debug_macro   0x0000000000015ac2       0xe2 ./Core/Src/LEDs_display.o
 .debug_macro   0x0000000000015ba4       0x52 ./Core/Src/LEDs_display.o
 .debug_macro   0x0000000000015bf6       0x18 ./Core/Src/LEDs_display.o
 .debug_macro   0x0000000000015c0e       0x3c ./Core/Src/LEDs_display.o
 .debug_macro   0x0000000000015c4a       0x34 ./Core/Src/LEDs_display.o
 .debug_macro   0x0000000000015c7e       0x16 ./Core/Src/LEDs_display.o
 .debug_macro   0x0000000000015c94       0x35 ./Core/Src/LEDs_display.o
 .debug_macro   0x0000000000015cc9      0x333 ./Core/Src/LEDs_display.o
 .debug_macro   0x0000000000015ffc       0x10 ./Core/Src/LEDs_display.o
 .debug_macro   0x000000000001600c       0x16 ./Core/Src/LEDs_display.o
 .debug_macro   0x0000000000016022       0x43 ./Core/Src/LEDs_display.o
 .debug_macro   0x0000000000016065       0x34 ./Core/Src/LEDs_display.o
 .debug_macro   0x0000000000016099       0x10 ./Core/Src/LEDs_display.o
 .debug_macro   0x00000000000160a9       0x58 ./Core/Src/LEDs_display.o
 .debug_macro   0x0000000000016101       0x71 ./Core/Src/LEDs_display.o
 .debug_macro   0x0000000000016172       0x1c ./Core/Src/LEDs_display.o
 .debug_macro   0x000000000001618e      0x12a ./Core/Src/LEDs_display.o
 .debug_macro   0x00000000000162b8       0x10 ./Core/Src/LEDs_display.o
 .debug_macro   0x00000000000162c8       0x1c ./Core/Src/LEDs_display.o
 .debug_macro   0x00000000000162e4       0x52 ./Core/Src/LEDs_display.o
 .debug_macro   0x0000000000016336       0x22 ./Core/Src/LEDs_display.o
 .debug_macro   0x0000000000016358       0x10 ./Core/Src/LEDs_display.o
 .debug_macro   0x0000000000016368       0x40 ./Core/Src/LEDs_display.o
 .debug_macro   0x00000000000163a8       0xd5 ./Core/Src/LEDs_display.o
 .debug_macro   0x000000000001647d       0x1c ./Core/Src/LEDs_display.o
 .debug_macro   0x0000000000016499       0x3d ./Core/Src/LEDs_display.o
 .debug_macro   0x00000000000164d6       0x16 ./Core/Src/LEDs_display.o
 .debug_macro   0x00000000000164ec      0x145 ./Core/Src/LEDs_display.o
 .debug_macro   0x0000000000016631       0xb2 ./Core/Src/LEDs_display.o
 .debug_macro   0x00000000000166e3      0x378 ./Core/Src/button.o
 .debug_macro   0x0000000000016a5b      0x378 ./Core/Src/fsm_auto_mode.o
 .debug_macro   0x0000000000016dd3      0x378 ./Core/Src/fsm_manual_mode.o
 .debug_macro   0x000000000001714b      0x378 ./Core/Src/fsm_pedestrian_mode.o
 .debug_macro   0x00000000000174c3      0x378 ./Core/Src/fsm_tuning_mode.o
 .debug_macro   0x000000000001783b      0x374 ./Core/Src/global.o
 .debug_macro   0x0000000000017baf      0x378 ./Core/Src/main.o
 .debug_macro   0x0000000000017f27      0x1b2 ./Core/Src/stm32f1xx_hal_msp.o
 .debug_macro   0x00000000000180d9      0x1bc ./Core/Src/stm32f1xx_it.o
 .debug_macro   0x0000000000018295      0x1a3 ./Core/Src/system_stm32f1xx.o
 .debug_macro   0x0000000000018438      0x378 ./Core/Src/timer.o
 .debug_macro   0x00000000000187b0      0x378 ./Core/Src/uart.o
 .debug_macro   0x0000000000018b28      0x1c7 ./Drivers/STM32F1xx_HAL_Driver/Src/stm32f1xx_hal.o
 .debug_macro   0x0000000000018cef      0x1a3 ./Drivers/STM32F1xx_HAL_Driver/Src/stm32f1xx_hal_cortex.o
 .debug_macro   0x0000000000018e92      0x1a3 ./Drivers/STM32F1xx_HAL_Driver/Src/stm32f1xx_hal_dma.o
 .debug_macro   0x0000000000019035      0x20e ./Drivers/STM32F1xx_HAL_Driver/Src/stm32f1xx_hal_gpio.o
 .debug_macro   0x0000000000019243      0x1b5 ./Drivers/STM32F1xx_HAL_Driver/Src/stm32f1xx_hal_rcc.o
 .debug_macro   0x00000000000193f8      0x1a4 ./Drivers/STM32F1xx_HAL_Driver/Src/stm32f1xx_hal_tim.o
 .debug_macro   0x000000000001959c      0x1a3 ./Drivers/STM32F1xx_HAL_Driver/Src/stm32f1xx_hal_tim_ex.o
 .debug_macro   0x000000000001973f      0x1a4 ./Drivers/STM32F1xx_HAL_Driver/Src/stm32f1xx_hal_uart.o

.debug_line     0x0000000000000000    0x115c2
 .debug_line    0x0000000000000000      0x9b6 ./Core/Src/LEDs_display.o
 .debug_line    0x00000000000009b6      0xa26 ./Core/Src/button.o
 .debug_line    0x00000000000013dc      0x905 ./Core/Src/fsm_auto_mode.o
 .debug_line    0x0000000000001ce1      0x95a ./Core/Src/fsm_manual_mode.o
 .debug_line    0x000000000000263b      0xb7e ./Core/Src/fsm_pedestrian_mode.o
 .debug_line    0x00000000000031b9      0x994 ./Core/Src/fsm_tuning_mode.o
 .debug_line    0x0000000000003b4d      0x8cf ./Core/Src/global.o
 .debug_line    0x000000000000441c      0xa9e ./Core/Src/main.o
 .debug_line    0x0000000000004eba      0x730 ./Core/Src/stm32f1xx_hal_msp.o
 .debug_line    0x00000000000055ea      0x787 ./Core/Src/stm32f1xx_it.o
 .debug_line    0x0000000000005d71      0x6fb ./Core/Src/system_stm32f1xx.o
 .debug_line    0x000000000000646c      0x957 ./Core/Src/timer.o
 .debug_line    0x0000000000006dc3      0x9a7 ./Core/Src/uart.o
 .debug_line    0x000000000000776a       0x87 ./Core/Startup/startup_stm32f103rbtx.o
 .debug_line    0x00000000000077f1      0x928 ./Drivers/STM32F1xx_HAL_Driver/Src/stm32f1xx_hal.o
 .debug_line    0x0000000000008119      0xb10 ./Drivers/STM32F1xx_HAL_Driver/Src/stm32f1xx_hal_cortex.o
 .debug_line    0x0000000000008c29      0xd80 ./Drivers/STM32F1xx_HAL_Driver/Src/stm32f1xx_hal_dma.o
 .debug_line    0x00000000000099a9      0x9bf ./Drivers/STM32F1xx_HAL_Driver/Src/stm32f1xx_hal_gpio.o
 .debug_line    0x000000000000a368      0xd36 ./Drivers/STM32F1xx_HAL_Driver/Src/stm32f1xx_hal_rcc.o
 .debug_line    0x000000000000b09e     0x32d1 ./Drivers/STM32F1xx_HAL_Driver/Src/stm32f1xx_hal_tim.o
 .debug_line    0x000000000000e36f     0x1850 ./Drivers/STM32F1xx_HAL_Driver/Src/stm32f1xx_hal_tim_ex.o
 .debug_line    0x000000000000fbbf     0x1a03 ./Drivers/STM32F1xx_HAL_Driver/Src/stm32f1xx_hal_uart.o

.debug_str      0x0000000000000000    0x8add0
 .debug_str     0x0000000000000000    0x87d51 ./Core/Src/LEDs_display.o
                                      0x881ee (size before relaxing)
 .debug_str     0x0000000000087d51       0xcc ./Core/Src/button.o
                                      0x88277 (size before relaxing)
 .debug_str     0x0000000000087e1d       0x2b ./Core/Src/fsm_auto_mode.o
                                      0x881a3 (size before relaxing)
 .debug_str     0x0000000000087e48       0x2f ./Core/Src/fsm_manual_mode.o
                                      0x881da (size before relaxing)
 .debug_str     0x0000000000087e77       0x6d ./Core/Src/fsm_pedestrian_mode.o
                                      0x8821e (size before relaxing)
 .debug_str     0x0000000000087ee4       0x2f ./Core/Src/fsm_tuning_mode.o
                                      0x881a7 (size before relaxing)
 .debug_str     0x0000000000087f13       0x15 ./Core/Src/global.o
                                      0x8818d (size before relaxing)
 .debug_str     0x0000000000087f28      0x597 ./Core/Src/main.o
                                      0x887ce (size before relaxing)
 .debug_str     0x00000000000884bf       0xce ./Core/Src/stm32f1xx_hal_msp.o
                                      0x84214 (size before relaxing)
 .debug_str     0x000000000008858d       0xf4 ./Core/Src/stm32f1xx_it.o
                                      0x83ee4 (size before relaxing)
 .debug_str     0x0000000000088681       0x52 ./Core/Src/system_stm32f1xx.o
                                      0x83430 (size before relaxing)
 .debug_str     0x00000000000886d3       0x67 ./Core/Src/timer.o
                                      0x881df (size before relaxing)
 .debug_str     0x000000000008873a       0x4f ./Core/Src/uart.o
                                      0x881cd (size before relaxing)
 .debug_str     0x0000000000088789       0x6b ./Core/Startup/startup_stm32f103rbtx.o
 .debug_str     0x00000000000887f4      0x304 ./Drivers/STM32F1xx_HAL_Driver/Src/stm32f1xx_hal.o
                                      0x83ac1 (size before relaxing)
 .debug_str     0x0000000000088af8      0x300 ./Drivers/STM32F1xx_HAL_Driver/Src/stm32f1xx_hal_cortex.o
                                      0x83ac9 (size before relaxing)
 .debug_str     0x0000000000088df8      0x235 ./Drivers/STM32F1xx_HAL_Driver/Src/stm32f1xx_hal_dma.o
                                      0x8380b (size before relaxing)
 .debug_str     0x000000000008902d      0x311 ./Drivers/STM32F1xx_HAL_Driver/Src/stm32f1xx_hal_gpio.o
                                      0x837f4 (size before relaxing)
 .debug_str     0x000000000008933e      0x24f ./Drivers/STM32F1xx_HAL_Driver/Src/stm32f1xx_hal_rcc.o
                                      0x8382d (size before relaxing)
 .debug_str     0x000000000008958d      0xd68 ./Drivers/STM32F1xx_HAL_Driver/Src/stm32f1xx_hal_tim.o
                                      0x847ff (size before relaxing)
 .debug_str     0x000000000008a2f5      0x4ee ./Drivers/STM32F1xx_HAL_Driver/Src/stm32f1xx_hal_tim_ex.o
                                      0x83fb0 (size before relaxing)
 .debug_str     0x000000000008a7e3      0x5ed ./Drivers/STM32F1xx_HAL_Driver/Src/stm32f1xx_hal_uart.o
                                      0x83e1f (size before relaxing)

.comment        0x0000000000000000       0x53
 .comment       0x0000000000000000       0x53 ./Core/Src/LEDs_display.o
                                         0x54 (size before relaxing)
 .comment       0x0000000000000053       0x54 ./Core/Src/button.o
 .comment       0x0000000000000053       0x54 ./Core/Src/fsm_auto_mode.o
 .comment       0x0000000000000053       0x54 ./Core/Src/fsm_manual_mode.o
 .comment       0x0000000000000053       0x54 ./Core/Src/fsm_pedestrian_mode.o
 .comment       0x0000000000000053       0x54 ./Core/Src/fsm_tuning_mode.o
 .comment       0x0000000000000053       0x54 ./Core/Src/global.o
 .comment       0x0000000000000053       0x54 ./Core/Src/main.o
 .comment       0x0000000000000053       0x54 ./Core/Src/stm32f1xx_hal_msp.o
 .comment       0x0000000000000053       0x54 ./Core/Src/stm32f1xx_it.o
 .comment       0x0000000000000053       0x54 ./Core/Src/system_stm32f1xx.o
 .comment       0x0000000000000053       0x54 ./Core/Src/timer.o
 .comment       0x0000000000000053       0x54 ./Core/Src/uart.o
 .comment       0x0000000000000053       0x54 ./Drivers/STM32F1xx_HAL_Driver/Src/stm32f1xx_hal.o
 .comment       0x0000000000000053       0x54 ./Drivers/STM32F1xx_HAL_Driver/Src/stm32f1xx_hal_cortex.o
 .comment       0x0000000000000053       0x54 ./Drivers/STM32F1xx_HAL_Driver/Src/stm32f1xx_hal_dma.o
 .comment       0x0000000000000053       0x54 ./Drivers/STM32F1xx_HAL_Driver/Src/stm32f1xx_hal_gpio.o
 .comment       0x0000000000000053       0x54 ./Drivers/STM32F1xx_HAL_Driver/Src/stm32f1xx_hal_rcc.o
 .comment       0x0000000000000053       0x54 ./Drivers/STM32F1xx_HAL_Driver/Src/stm32f1xx_hal_tim.o
 .comment       0x0000000000000053       0x54 ./Drivers/STM32F1xx_HAL_Driver/Src/stm32f1xx_hal_tim_ex.o
 .comment       0x0000000000000053       0x54 ./Drivers/STM32F1xx_HAL_Driver/Src/stm32f1xx_hal_uart.o

.debug_frame    0x0000000000000000     0x352c
 .debug_frame   0x0000000000000000       0x64 ./Core/Src/LEDs_display.o
 .debug_frame   0x0000000000000064      0x124 ./Core/Src/button.o
 .debug_frame   0x0000000000000188       0x2c ./Core/Src/fsm_auto_mode.o
 .debug_frame   0x00000000000001b4       0x2c ./Core/Src/fsm_manual_mode.o
 .debug_frame   0x00000000000001e0       0x64 ./Core/Src/fsm_pedestrian_mode.o
 .debug_frame   0x0000000000000244       0x2c ./Core/Src/fsm_tuning_mode.o
 .debug_frame   0x0000000000000270       0xf0 ./Core/Src/main.o
 .debug_frame   0x0000000000000360       0xec ./Core/Src/stm32f1xx_hal_msp.o
 .debug_frame   0x000000000000044c      0x158 ./Core/Src/stm32f1xx_it.o
 .debug_frame   0x00000000000005a4       0x58 ./Core/Src/system_stm32f1xx.o
 .debug_frame   0x00000000000005fc       0xb0 ./Core/Src/timer.o
 .debug_frame   0x00000000000006ac       0x64 ./Core/Src/uart.o
 .debug_frame   0x0000000000000710      0x334 ./Drivers/STM32F1xx_HAL_Driver/Src/stm32f1xx_hal.o
 .debug_frame   0x0000000000000a44      0x428 ./Drivers/STM32F1xx_HAL_Driver/Src/stm32f1xx_hal_cortex.o
 .debug_frame   0x0000000000000e6c      0x208 ./Drivers/STM32F1xx_HAL_Driver/Src/stm32f1xx_hal_dma.o
 .debug_frame   0x0000000000001074      0x14c ./Drivers/STM32F1xx_HAL_Driver/Src/stm32f1xx_hal_gpio.o
 .debug_frame   0x00000000000011c0      0x21c ./Drivers/STM32F1xx_HAL_Driver/Src/stm32f1xx_hal_rcc.o
 .debug_frame   0x00000000000013dc     0x11b8 ./Drivers/STM32F1xx_HAL_Driver/Src/stm32f1xx_hal_tim.o
 .debug_frame   0x0000000000002594      0x638 ./Drivers/STM32F1xx_HAL_Driver/Src/stm32f1xx_hal_tim_ex.o
 .debug_frame   0x0000000000002bcc      0x914 ./Drivers/STM32F1xx_HAL_Driver/Src/stm32f1xx_hal_uart.o
 .debug_frame   0x00000000000034e0       0x2c c:/st/stm32cubeide_1.7.0/stm32cubeide/plugins/com.st.stm32cube.ide.mcu.externaltools.gnu-tools-for-stm32.9-2020-q2-update.win32_2.0.0.202105311346/tools/bin/../lib/gcc/arm-none-eabi/9.3.1/../../../../arm-none-eabi/lib/thumb/v7-m/nofp\libc_nano.a(lib_a-init.o)
 .debug_frame   0x000000000000350c       0x20 c:/st/stm32cubeide_1.7.0/stm32cubeide/plugins/com.st.stm32cube.ide.mcu.externaltools.gnu-tools-for-stm32.9-2020-q2-update.win32_2.0.0.202105311346/tools/bin/../lib/gcc/arm-none-eabi/9.3.1/../../../../arm-none-eabi/lib/thumb/v7-m/nofp\libc_nano.a(lib_a-memset.o)
